[    0.000000] Linux version 4.10.0-40-generic (buildd@lcy01-amd64-005) (gcc version 5.4.0 20160609 (Ubuntu 5.4.0-6ubuntu1~16.04.5) ) #44~16.04.1-Ubuntu SMP Thu Nov 9 15:37:44 UTC 2017 (Ubuntu 4.10.0-40.44~16.04.1-generic 4.10.17)
[    0.000000] Command line: BOOT_IMAGE=/boot/vmlinuz-4.10.0-40-generic root=UUID=a2e2d86c-97ef-475b-aebe-f571048bf254 ro find_preseed=/preseed.cfg auto noprompt priority=critical locale=en_US quiet
[    0.000000] KERNEL supported cpus:
[    0.000000]   Intel GenuineIntel
[    0.000000]   AMD AuthenticAMD
[    0.000000]   Centaur CentaurHauls
[    0.000000] Disabled fast string operations
[    0.000000] x86/fpu: Supporting XSAVE feature 0x001: 'x87 floating point registers'
[    0.000000] x86/fpu: Supporting XSAVE feature 0x002: 'SSE registers'
[    0.000000] x86/fpu: Supporting XSAVE feature 0x004: 'AVX registers'
[    0.000000] x86/fpu: xstate_offset[2]:  576, xstate_sizes[2]:  256
[    0.000000] x86/fpu: Enabled xstate features 0x7, context size is 832 bytes, using 'standard' format.
[    0.000000] e820: BIOS-provided physical RAM map:
[    0.000000] BIOS-e820: [mem 0x0000000000000000-0x000000000009e7ff] usable
[    0.000000] BIOS-e820: [mem 0x000000000009e800-0x000000000009ffff] reserved
[    0.000000] BIOS-e820: [mem 0x00000000000dc000-0x00000000000fffff] reserved
[    0.000000] BIOS-e820: [mem 0x0000000000100000-0x000000003fedffff] usable
[    0.000000] BIOS-e820: [mem 0x000000003fee0000-0x000000003fefefff] ACPI data
[    0.000000] BIOS-e820: [mem 0x000000003feff000-0x000000003fefffff] ACPI NVS
[    0.000000] BIOS-e820: [mem 0x000000003ff00000-0x000000003fffffff] usable
[    0.000000] BIOS-e820: [mem 0x00000000f0000000-0x00000000f7ffffff] reserved
[    0.000000] BIOS-e820: [mem 0x00000000fec00000-0x00000000fec0ffff] reserved
[    0.000000] BIOS-e820: [mem 0x00000000fee00000-0x00000000fee00fff] reserved
[    0.000000] BIOS-e820: [mem 0x00000000fffe0000-0x00000000ffffffff] reserved
[    0.000000] NX (Execute Disable) protection: active
[    0.000000] SMBIOS 2.4 present.
[    0.000000] DMI: VMware, Inc. VMware Virtual Platform/440BX Desktop Reference Platform, BIOS 6.00 05/20/2014
[    0.000000] Hypervisor detected: VMware
[    0.000000] vmware: TSC freq read from hypervisor : 2095.238 MHz
[    0.000000] vmware: Host bus clock speed read from hypervisor : 66000000 Hz
[    0.000000] vmware: using sched offset of 9352905207 ns
[    0.000000] e820: update [mem 0x00000000-0x00000fff] usable ==> reserved
[    0.000000] e820: remove [mem 0x000a0000-0x000fffff] usable
[    0.000000] e820: last_pfn = 0x40000 max_arch_pfn = 0x400000000
[    0.000000] MTRR default type: uncachable
[    0.000000] MTRR fixed ranges enabled:
[    0.000000]   00000-9FFFF write-back
[    0.000000]   A0000-BFFFF uncachable
[    0.000000]   C0000-CFFFF write-protect
[    0.000000]   D0000-EFFFF uncachable
[    0.000000]   F0000-FFFFF write-protect
[    0.000000] MTRR variable ranges enabled:
[    0.000000]   0 base 00000000000 mask 3FFC0000000 write-back
[    0.000000]   1 disabled
[    0.000000]   2 disabled
[    0.000000]   3 disabled
[    0.000000]   4 disabled
[    0.000000]   5 disabled
[    0.000000]   6 disabled
[    0.000000]   7 disabled
[    0.000000] x86/PAT: Configuration [0-7]: WB  WC  UC- UC  WB  WC  UC- WT  
[    0.000000] found SMP MP-table at [mem 0x000f6b30-0x000f6b3f] mapped at [ffff9bad400f6b30]
[    0.000000] Scanning 1 areas for low memory corruption
[    0.000000] Base memory trampoline at [ffff9bad40098000] 98000 size 24576
[    0.000000] BRK [0x06828000, 0x06828fff] PGTABLE
[    0.000000] BRK [0x06829000, 0x06829fff] PGTABLE
[    0.000000] BRK [0x0682a000, 0x0682afff] PGTABLE
[    0.000000] BRK [0x0682b000, 0x0682bfff] PGTABLE
[    0.000000] BRK [0x0682c000, 0x0682cfff] PGTABLE
[    0.000000] RAMDISK: [mem 0x33020000-0x35807fff]
[    0.000000] ACPI: Early table checksum verification disabled
[    0.000000] ACPI: RSDP 0x00000000000F6AC0 000024 (v02 PTLTD )
[    0.000000] ACPI: XSDT 0x000000003FEEB633 00005C (v01 INTEL  440BX    06040000 VMW  01324272)
[    0.000000] ACPI: FACP 0x000000003FEFEE73 0000F4 (v04 INTEL  440BX    06040000 PTL  000F4240)
[    0.000000] ACPI: DSDT 0x000000003FEECD6F 012104 (v01 PTLTD  Custom   06040000 MSFT 03000001)
[    0.000000] ACPI: FACS 0x000000003FEFFFC0 000040
[    0.000000] ACPI: FACS 0x000000003FEFFFC0 000040
[    0.000000] ACPI: BOOT 0x000000003FEECD47 000028 (v01 PTLTD  $SBFTBL$ 06040000  LTP 00000001)
[    0.000000] ACPI: APIC 0x000000003FEEC605 000742 (v01 PTLTD  ? APIC   06040000  LTP 00000000)
[    0.000000] ACPI: MCFG 0x000000003FEEC5C9 00003C (v01 PTLTD  $PCITBL$ 06040000  LTP 00000001)
[    0.000000] ACPI: SRAT 0x000000003FEEB72F 0008D0 (v02 VMWARE MEMPLUG  06040000 VMW  00000001)
[    0.000000] ACPI: HPET 0x000000003FEEB6F7 000038 (v01 VMWARE VMW HPET 06040000 VMW  00000001)
[    0.000000] ACPI: WAET 0x000000003FEEB6CF 000028 (v01 VMWARE VMW WAET 06040000 VMW  00000001)
[    0.000000] ACPI: Local APIC address 0xfee00000
[    0.000000] system APIC only can use physical flat
[    0.000000] Setting APIC routing to physical flat.
[    0.000000] SRAT: PXM 0 -> APIC 0x00 -> Node 0
[    0.000000] SRAT: PXM 0 -> APIC 0x02 -> Node 0
[    0.000000] SRAT: PXM 0 -> APIC 0x04 -> Node 0
[    0.000000] SRAT: PXM 0 -> APIC 0x06 -> Node 0
[    0.000000] SRAT: PXM 0 -> APIC 0x08 -> Node 0
[    0.000000] SRAT: PXM 0 -> APIC 0x0a -> Node 0
[    0.000000] SRAT: PXM 0 -> APIC 0x0c -> Node 0
[    0.000000] SRAT: PXM 0 -> APIC 0x0e -> Node 0
[    0.000000] SRAT: PXM 0 -> APIC 0x10 -> Node 0
[    0.000000] SRAT: PXM 0 -> APIC 0x12 -> Node 0
[    0.000000] SRAT: PXM 0 -> APIC 0x14 -> Node 0
[    0.000000] SRAT: PXM 0 -> APIC 0x16 -> Node 0
[    0.000000] SRAT: PXM 0 -> APIC 0x18 -> Node 0
[    0.000000] SRAT: PXM 0 -> APIC 0x1a -> Node 0
[    0.000000] SRAT: PXM 0 -> APIC 0x1c -> Node 0
[    0.000000] SRAT: PXM 0 -> APIC 0x1e -> Node 0
[    0.000000] SRAT: PXM 0 -> APIC 0x20 -> Node 0
[    0.000000] SRAT: PXM 0 -> APIC 0x22 -> Node 0
[    0.000000] SRAT: PXM 0 -> APIC 0x24 -> Node 0
[    0.000000] SRAT: PXM 0 -> APIC 0x26 -> Node 0
[    0.000000] SRAT: PXM 0 -> APIC 0x28 -> Node 0
[    0.000000] SRAT: PXM 0 -> APIC 0x2a -> Node 0
[    0.000000] SRAT: PXM 0 -> APIC 0x2c -> Node 0
[    0.000000] SRAT: PXM 0 -> APIC 0x2e -> Node 0
[    0.000000] SRAT: PXM 0 -> APIC 0x30 -> Node 0
[    0.000000] SRAT: PXM 0 -> APIC 0x32 -> Node 0
[    0.000000] SRAT: PXM 0 -> APIC 0x34 -> Node 0
[    0.000000] SRAT: PXM 0 -> APIC 0x36 -> Node 0
[    0.000000] SRAT: PXM 0 -> APIC 0x38 -> Node 0
[    0.000000] SRAT: PXM 0 -> APIC 0x3a -> Node 0
[    0.000000] SRAT: PXM 0 -> APIC 0x3c -> Node 0
[    0.000000] SRAT: PXM 0 -> APIC 0x3e -> Node 0
[    0.000000] SRAT: PXM 0 -> APIC 0x40 -> Node 0
[    0.000000] SRAT: PXM 0 -> APIC 0x42 -> Node 0
[    0.000000] SRAT: PXM 0 -> APIC 0x44 -> Node 0
[    0.000000] SRAT: PXM 0 -> APIC 0x46 -> Node 0
[    0.000000] SRAT: PXM 0 -> APIC 0x48 -> Node 0
[    0.000000] SRAT: PXM 0 -> APIC 0x4a -> Node 0
[    0.000000] SRAT: PXM 0 -> APIC 0x4c -> Node 0
[    0.000000] SRAT: PXM 0 -> APIC 0x4e -> Node 0
[    0.000000] SRAT: PXM 0 -> APIC 0x50 -> Node 0
[    0.000000] SRAT: PXM 0 -> APIC 0x52 -> Node 0
[    0.000000] SRAT: PXM 0 -> APIC 0x54 -> Node 0
[    0.000000] SRAT: PXM 0 -> APIC 0x56 -> Node 0
[    0.000000] SRAT: PXM 0 -> APIC 0x58 -> Node 0
[    0.000000] SRAT: PXM 0 -> APIC 0x5a -> Node 0
[    0.000000] SRAT: PXM 0 -> APIC 0x5c -> Node 0
[    0.000000] SRAT: PXM 0 -> APIC 0x5e -> Node 0
[    0.000000] SRAT: PXM 0 -> APIC 0x60 -> Node 0
[    0.000000] SRAT: PXM 0 -> APIC 0x62 -> Node 0
[    0.000000] SRAT: PXM 0 -> APIC 0x64 -> Node 0
[    0.000000] SRAT: PXM 0 -> APIC 0x66 -> Node 0
[    0.000000] SRAT: PXM 0 -> APIC 0x68 -> Node 0
[    0.000000] SRAT: PXM 0 -> APIC 0x6a -> Node 0
[    0.000000] SRAT: PXM 0 -> APIC 0x6c -> Node 0
[    0.000000] SRAT: PXM 0 -> APIC 0x6e -> Node 0
[    0.000000] SRAT: PXM 0 -> APIC 0x70 -> Node 0
[    0.000000] SRAT: PXM 0 -> APIC 0x72 -> Node 0
[    0.000000] SRAT: PXM 0 -> APIC 0x74 -> Node 0
[    0.000000] SRAT: PXM 0 -> APIC 0x76 -> Node 0
[    0.000000] SRAT: PXM 0 -> APIC 0x78 -> Node 0
[    0.000000] SRAT: PXM 0 -> APIC 0x7a -> Node 0
[    0.000000] SRAT: PXM 0 -> APIC 0x7c -> Node 0
[    0.000000] SRAT: PXM 0 -> APIC 0x7e -> Node 0
[    0.000000] SRAT: PXM 0 -> APIC 0x80 -> Node 0
[    0.000000] SRAT: PXM 0 -> APIC 0x82 -> Node 0
[    0.000000] SRAT: PXM 0 -> APIC 0x84 -> Node 0
[    0.000000] SRAT: PXM 0 -> APIC 0x86 -> Node 0
[    0.000000] SRAT: PXM 0 -> APIC 0x88 -> Node 0
[    0.000000] SRAT: PXM 0 -> APIC 0x8a -> Node 0
[    0.000000] SRAT: PXM 0 -> APIC 0x8c -> Node 0
[    0.000000] SRAT: PXM 0 -> APIC 0x8e -> Node 0
[    0.000000] SRAT: PXM 0 -> APIC 0x90 -> Node 0
[    0.000000] SRAT: PXM 0 -> APIC 0x92 -> Node 0
[    0.000000] SRAT: PXM 0 -> APIC 0x94 -> Node 0
[    0.000000] SRAT: PXM 0 -> APIC 0x96 -> Node 0
[    0.000000] SRAT: PXM 0 -> APIC 0x98 -> Node 0
[    0.000000] SRAT: PXM 0 -> APIC 0x9a -> Node 0
[    0.000000] SRAT: PXM 0 -> APIC 0x9c -> Node 0
[    0.000000] SRAT: PXM 0 -> APIC 0x9e -> Node 0
[    0.000000] SRAT: PXM 0 -> APIC 0xa0 -> Node 0
[    0.000000] SRAT: PXM 0 -> APIC 0xa2 -> Node 0
[    0.000000] SRAT: PXM 0 -> APIC 0xa4 -> Node 0
[    0.000000] SRAT: PXM 0 -> APIC 0xa6 -> Node 0
[    0.000000] SRAT: PXM 0 -> APIC 0xa8 -> Node 0
[    0.000000] SRAT: PXM 0 -> APIC 0xaa -> Node 0
[    0.000000] SRAT: PXM 0 -> APIC 0xac -> Node 0
[    0.000000] SRAT: PXM 0 -> APIC 0xae -> Node 0
[    0.000000] SRAT: PXM 0 -> APIC 0xb0 -> Node 0
[    0.000000] SRAT: PXM 0 -> APIC 0xb2 -> Node 0
[    0.000000] SRAT: PXM 0 -> APIC 0xb4 -> Node 0
[    0.000000] SRAT: PXM 0 -> APIC 0xb6 -> Node 0
[    0.000000] SRAT: PXM 0 -> APIC 0xb8 -> Node 0
[    0.000000] SRAT: PXM 0 -> APIC 0xba -> Node 0
[    0.000000] SRAT: PXM 0 -> APIC 0xbc -> Node 0
[    0.000000] SRAT: PXM 0 -> APIC 0xbe -> Node 0
[    0.000000] SRAT: PXM 0 -> APIC 0xc0 -> Node 0
[    0.000000] SRAT: PXM 0 -> APIC 0xc2 -> Node 0
[    0.000000] SRAT: PXM 0 -> APIC 0xc4 -> Node 0
[    0.000000] SRAT: PXM 0 -> APIC 0xc6 -> Node 0
[    0.000000] SRAT: PXM 0 -> APIC 0xc8 -> Node 0
[    0.000000] SRAT: PXM 0 -> APIC 0xca -> Node 0
[    0.000000] SRAT: PXM 0 -> APIC 0xcc -> Node 0
[    0.000000] SRAT: PXM 0 -> APIC 0xce -> Node 0
[    0.000000] SRAT: PXM 0 -> APIC 0xd0 -> Node 0
[    0.000000] SRAT: PXM 0 -> APIC 0xd2 -> Node 0
[    0.000000] SRAT: PXM 0 -> APIC 0xd4 -> Node 0
[    0.000000] SRAT: PXM 0 -> APIC 0xd6 -> Node 0
[    0.000000] SRAT: PXM 0 -> APIC 0xd8 -> Node 0
[    0.000000] SRAT: PXM 0 -> APIC 0xda -> Node 0
[    0.000000] SRAT: PXM 0 -> APIC 0xdc -> Node 0
[    0.000000] SRAT: PXM 0 -> APIC 0xde -> Node 0
[    0.000000] SRAT: PXM 0 -> APIC 0xe0 -> Node 0
[    0.000000] SRAT: PXM 0 -> APIC 0xe2 -> Node 0
[    0.000000] SRAT: PXM 0 -> APIC 0xe4 -> Node 0
[    0.000000] SRAT: PXM 0 -> APIC 0xe6 -> Node 0
[    0.000000] SRAT: PXM 0 -> APIC 0xe8 -> Node 0
[    0.000000] SRAT: PXM 0 -> APIC 0xea -> Node 0
[    0.000000] SRAT: PXM 0 -> APIC 0xec -> Node 0
[    0.000000] SRAT: PXM 0 -> APIC 0xee -> Node 0
[    0.000000] SRAT: PXM 0 -> APIC 0xf0 -> Node 0
[    0.000000] SRAT: PXM 0 -> APIC 0xf2 -> Node 0
[    0.000000] SRAT: PXM 0 -> APIC 0xf4 -> Node 0
[    0.000000] SRAT: PXM 0 -> APIC 0xf6 -> Node 0
[    0.000000] SRAT: PXM 0 -> APIC 0xf8 -> Node 0
[    0.000000] SRAT: PXM 0 -> APIC 0xfa -> Node 0
[    0.000000] SRAT: PXM 0 -> APIC 0xfc -> Node 0
[    0.000000] SRAT: PXM 0 -> APIC 0xfe -> Node 0
[    0.000000] ACPI: SRAT: Node 0 PXM 0 [mem 0x00000000-0x0009ffff]
[    0.000000] ACPI: SRAT: Node 0 PXM 0 [mem 0x00100000-0x0fffffff]
[    0.000000] ACPI: SRAT: Node 0 PXM 0 [mem 0x10000000-0x3fffffff]
[    0.000000] ACPI: SRAT: Node 0 PXM 0 [mem 0x40000000-0xbfffffff] hotplug
[    0.000000] NUMA: Node 0 [mem 0x00000000-0x0009ffff] + [mem 0x00100000-0x0fffffff] -> [mem 0x00000000-0x0fffffff]
[    0.000000] NUMA: Node 0 [mem 0x00000000-0x0fffffff] + [mem 0x10000000-0x3fffffff] -> [mem 0x00000000-0x3fffffff]
[    0.000000] NODE_DATA(0) allocated [mem 0x3ffd5000-0x3fffffff]
[    0.000000] Zone ranges:
[    0.000000]   DMA      [mem 0x0000000000001000-0x0000000000ffffff]
[    0.000000]   DMA32    [mem 0x0000000001000000-0x000000003fffffff]
[    0.000000]   Normal   empty
[    0.000000]   Device   empty
[    0.000000] Movable zone start for each node
[    0.000000] Early memory node ranges
[    0.000000]   node   0: [mem 0x0000000000001000-0x000000000009dfff]
[    0.000000]   node   0: [mem 0x0000000000100000-0x000000003fedffff]
[    0.000000]   node   0: [mem 0x000000003ff00000-0x000000003fffffff]
[    0.000000] Initmem setup node 0 [mem 0x0000000000001000-0x000000003fffffff]
[    0.000000] On node 0 totalpages: 262013
[    0.000000]   DMA zone: 64 pages used for memmap
[    0.000000]   DMA zone: 21 pages reserved
[    0.000000]   DMA zone: 3997 pages, LIFO batch:0
[    0.000000]   DMA32 zone: 4032 pages used for memmap
[    0.000000]   DMA32 zone: 258016 pages, LIFO batch:31
[    0.000000] ACPI: PM-Timer IO Port: 0x1008
[    0.000000] ACPI: Local APIC address 0xfee00000
[    0.000000] system APIC only can use physical flat
[    0.000000] ACPI: LAPIC_NMI (acpi_id[0x00] high edge lint[0x1])
[    0.000000] ACPI: LAPIC_NMI (acpi_id[0x01] high edge lint[0x1])
[    0.000000] ACPI: LAPIC_NMI (acpi_id[0x02] high edge lint[0x1])
[    0.000000] ACPI: LAPIC_NMI (acpi_id[0x03] high edge lint[0x1])
[    0.000000] ACPI: LAPIC_NMI (acpi_id[0x04] high edge lint[0x1])
[    0.000000] ACPI: LAPIC_NMI (acpi_id[0x05] high edge lint[0x1])
[    0.000000] ACPI: LAPIC_NMI (acpi_id[0x06] high edge lint[0x1])
[    0.000000] ACPI: LAPIC_NMI (acpi_id[0x07] high edge lint[0x1])
[    0.000000] ACPI: LAPIC_NMI (acpi_id[0x08] high edge lint[0x1])
[    0.000000] ACPI: LAPIC_NMI (acpi_id[0x09] high edge lint[0x1])
[    0.000000] ACPI: LAPIC_NMI (acpi_id[0x0a] high edge lint[0x1])
[    0.000000] ACPI: LAPIC_NMI (acpi_id[0x0b] high edge lint[0x1])
[    0.000000] ACPI: LAPIC_NMI (acpi_id[0x0c] high edge lint[0x1])
[    0.000000] ACPI: LAPIC_NMI (acpi_id[0x0d] high edge lint[0x1])
[    0.000000] ACPI: LAPIC_NMI (acpi_id[0x0e] high edge lint[0x1])
[    0.000000] ACPI: LAPIC_NMI (acpi_id[0x0f] high edge lint[0x1])
[    0.000000] ACPI: LAPIC_NMI (acpi_id[0x10] high edge lint[0x1])
[    0.000000] ACPI: LAPIC_NMI (acpi_id[0x11] high edge lint[0x1])
[    0.000000] ACPI: LAPIC_NMI (acpi_id[0x12] high edge lint[0x1])
[    0.000000] ACPI: LAPIC_NMI (acpi_id[0x13] high edge lint[0x1])
[    0.000000] ACPI: LAPIC_NMI (acpi_id[0x14] high edge lint[0x1])
[    0.000000] ACPI: LAPIC_NMI (acpi_id[0x15] high edge lint[0x1])
[    0.000000] ACPI: LAPIC_NMI (acpi_id[0x16] high edge lint[0x1])
[    0.000000] ACPI: LAPIC_NMI (acpi_id[0x17] high edge lint[0x1])
[    0.000000] ACPI: LAPIC_NMI (acpi_id[0x18] high edge lint[0x1])
[    0.000000] ACPI: LAPIC_NMI (acpi_id[0x19] high edge lint[0x1])
[    0.000000] ACPI: LAPIC_NMI (acpi_id[0x1a] high edge lint[0x1])
[    0.000000] ACPI: LAPIC_NMI (acpi_id[0x1b] high edge lint[0x1])
[    0.000000] ACPI: LAPIC_NMI (acpi_id[0x1c] high edge lint[0x1])
[    0.000000] ACPI: LAPIC_NMI (acpi_id[0x1d] high edge lint[0x1])
[    0.000000] ACPI: LAPIC_NMI (acpi_id[0x1e] high edge lint[0x1])
[    0.000000] ACPI: LAPIC_NMI (acpi_id[0x1f] high edge lint[0x1])
[    0.000000] ACPI: LAPIC_NMI (acpi_id[0x20] high edge lint[0x1])
[    0.000000] ACPI: LAPIC_NMI (acpi_id[0x21] high edge lint[0x1])
[    0.000000] ACPI: LAPIC_NMI (acpi_id[0x22] high edge lint[0x1])
[    0.000000] ACPI: LAPIC_NMI (acpi_id[0x23] high edge lint[0x1])
[    0.000000] ACPI: LAPIC_NMI (acpi_id[0x24] high edge lint[0x1])
[    0.000000] ACPI: LAPIC_NMI (acpi_id[0x25] high edge lint[0x1])
[    0.000000] ACPI: LAPIC_NMI (acpi_id[0x26] high edge lint[0x1])
[    0.000000] ACPI: LAPIC_NMI (acpi_id[0x27] high edge lint[0x1])
[    0.000000] ACPI: LAPIC_NMI (acpi_id[0x28] high edge lint[0x1])
[    0.000000] ACPI: LAPIC_NMI (acpi_id[0x29] high edge lint[0x1])
[    0.000000] ACPI: LAPIC_NMI (acpi_id[0x2a] high edge lint[0x1])
[    0.000000] ACPI: LAPIC_NMI (acpi_id[0x2b] high edge lint[0x1])
[    0.000000] ACPI: LAPIC_NMI (acpi_id[0x2c] high edge lint[0x1])
[    0.000000] ACPI: LAPIC_NMI (acpi_id[0x2d] high edge lint[0x1])
[    0.000000] ACPI: LAPIC_NMI (acpi_id[0x2e] high edge lint[0x1])
[    0.000000] ACPI: LAPIC_NMI (acpi_id[0x2f] high edge lint[0x1])
[    0.000000] ACPI: LAPIC_NMI (acpi_id[0x30] high edge lint[0x1])
[    0.000000] ACPI: LAPIC_NMI (acpi_id[0x31] high edge lint[0x1])
[    0.000000] ACPI: LAPIC_NMI (acpi_id[0x32] high edge lint[0x1])
[    0.000000] ACPI: LAPIC_NMI (acpi_id[0x33] high edge lint[0x1])
[    0.000000] ACPI: LAPIC_NMI (acpi_id[0x34] high edge lint[0x1])
[    0.000000] ACPI: LAPIC_NMI (acpi_id[0x35] high edge lint[0x1])
[    0.000000] ACPI: LAPIC_NMI (acpi_id[0x36] high edge lint[0x1])
[    0.000000] ACPI: LAPIC_NMI (acpi_id[0x37] high edge lint[0x1])
[    0.000000] ACPI: LAPIC_NMI (acpi_id[0x38] high edge lint[0x1])
[    0.000000] ACPI: LAPIC_NMI (acpi_id[0x39] high edge lint[0x1])
[    0.000000] ACPI: LAPIC_NMI (acpi_id[0x3a] high edge lint[0x1])
[    0.000000] ACPI: LAPIC_NMI (acpi_id[0x3b] high edge lint[0x1])
[    0.000000] ACPI: LAPIC_NMI (acpi_id[0x3c] high edge lint[0x1])
[    0.000000] ACPI: LAPIC_NMI (acpi_id[0x3d] high edge lint[0x1])
[    0.000000] ACPI: LAPIC_NMI (acpi_id[0x3e] high edge lint[0x1])
[    0.000000] ACPI: LAPIC_NMI (acpi_id[0x3f] high edge lint[0x1])
[    0.000000] ACPI: LAPIC_NMI (acpi_id[0x40] high edge lint[0x1])
[    0.000000] ACPI: LAPIC_NMI (acpi_id[0x41] high edge lint[0x1])
[    0.000000] ACPI: LAPIC_NMI (acpi_id[0x42] high edge lint[0x1])
[    0.000000] ACPI: LAPIC_NMI (acpi_id[0x43] high edge lint[0x1])
[    0.000000] ACPI: LAPIC_NMI (acpi_id[0x44] high edge lint[0x1])
[    0.000000] ACPI: LAPIC_NMI (acpi_id[0x45] high edge lint[0x1])
[    0.000000] ACPI: LAPIC_NMI (acpi_id[0x46] high edge lint[0x1])
[    0.000000] ACPI: LAPIC_NMI (acpi_id[0x47] high edge lint[0x1])
[    0.000000] ACPI: LAPIC_NMI (acpi_id[0x48] high edge lint[0x1])
[    0.000000] ACPI: LAPIC_NMI (acpi_id[0x49] high edge lint[0x1])
[    0.000000] ACPI: LAPIC_NMI (acpi_id[0x4a] high edge lint[0x1])
[    0.000000] ACPI: LAPIC_NMI (acpi_id[0x4b] high edge lint[0x1])
[    0.000000] ACPI: LAPIC_NMI (acpi_id[0x4c] high edge lint[0x1])
[    0.000000] ACPI: LAPIC_NMI (acpi_id[0x4d] high edge lint[0x1])
[    0.000000] ACPI: LAPIC_NMI (acpi_id[0x4e] high edge lint[0x1])
[    0.000000] ACPI: LAPIC_NMI (acpi_id[0x4f] high edge lint[0x1])
[    0.000000] ACPI: LAPIC_NMI (acpi_id[0x50] high edge lint[0x1])
[    0.000000] ACPI: LAPIC_NMI (acpi_id[0x51] high edge lint[0x1])
[    0.000000] ACPI: LAPIC_NMI (acpi_id[0x52] high edge lint[0x1])
[    0.000000] ACPI: LAPIC_NMI (acpi_id[0x53] high edge lint[0x1])
[    0.000000] ACPI: LAPIC_NMI (acpi_id[0x54] high edge lint[0x1])
[    0.000000] ACPI: LAPIC_NMI (acpi_id[0x55] high edge lint[0x1])
[    0.000000] ACPI: LAPIC_NMI (acpi_id[0x56] high edge lint[0x1])
[    0.000000] ACPI: LAPIC_NMI (acpi_id[0x57] high edge lint[0x1])
[    0.000000] ACPI: LAPIC_NMI (acpi_id[0x58] high edge lint[0x1])
[    0.000000] ACPI: LAPIC_NMI (acpi_id[0x59] high edge lint[0x1])
[    0.000000] ACPI: LAPIC_NMI (acpi_id[0x5a] high edge lint[0x1])
[    0.000000] ACPI: LAPIC_NMI (acpi_id[0x5b] high edge lint[0x1])
[    0.000000] ACPI: LAPIC_NMI (acpi_id[0x5c] high edge lint[0x1])
[    0.000000] ACPI: LAPIC_NMI (acpi_id[0x5d] high edge lint[0x1])
[    0.000000] ACPI: LAPIC_NMI (acpi_id[0x5e] high edge lint[0x1])
[    0.000000] ACPI: LAPIC_NMI (acpi_id[0x5f] high edge lint[0x1])
[    0.000000] ACPI: LAPIC_NMI (acpi_id[0x60] high edge lint[0x1])
[    0.000000] ACPI: LAPIC_NMI (acpi_id[0x61] high edge lint[0x1])
[    0.000000] ACPI: LAPIC_NMI (acpi_id[0x62] high edge lint[0x1])
[    0.000000] ACPI: LAPIC_NMI (acpi_id[0x63] high edge lint[0x1])
[    0.000000] ACPI: LAPIC_NMI (acpi_id[0x64] high edge lint[0x1])
[    0.000000] ACPI: LAPIC_NMI (acpi_id[0x65] high edge lint[0x1])
[    0.000000] ACPI: LAPIC_NMI (acpi_id[0x66] high edge lint[0x1])
[    0.000000] ACPI: LAPIC_NMI (acpi_id[0x67] high edge lint[0x1])
[    0.000000] ACPI: LAPIC_NMI (acpi_id[0x68] high edge lint[0x1])
[    0.000000] ACPI: LAPIC_NMI (acpi_id[0x69] high edge lint[0x1])
[    0.000000] ACPI: LAPIC_NMI (acpi_id[0x6a] high edge lint[0x1])
[    0.000000] ACPI: LAPIC_NMI (acpi_id[0x6b] high edge lint[0x1])
[    0.000000] ACPI: LAPIC_NMI (acpi_id[0x6c] high edge lint[0x1])
[    0.000000] ACPI: LAPIC_NMI (acpi_id[0x6d] high edge lint[0x1])
[    0.000000] ACPI: LAPIC_NMI (acpi_id[0x6e] high edge lint[0x1])
[    0.000000] ACPI: LAPIC_NMI (acpi_id[0x6f] high edge lint[0x1])
[    0.000000] ACPI: LAPIC_NMI (acpi_id[0x70] high edge lint[0x1])
[    0.000000] ACPI: LAPIC_NMI (acpi_id[0x71] high edge lint[0x1])
[    0.000000] ACPI: LAPIC_NMI (acpi_id[0x72] high edge lint[0x1])
[    0.000000] ACPI: LAPIC_NMI (acpi_id[0x73] high edge lint[0x1])
[    0.000000] ACPI: LAPIC_NMI (acpi_id[0x74] high edge lint[0x1])
[    0.000000] ACPI: LAPIC_NMI (acpi_id[0x75] high edge lint[0x1])
[    0.000000] ACPI: LAPIC_NMI (acpi_id[0x76] high edge lint[0x1])
[    0.000000] ACPI: LAPIC_NMI (acpi_id[0x77] high edge lint[0x1])
[    0.000000] ACPI: LAPIC_NMI (acpi_id[0x78] high edge lint[0x1])
[    0.000000] ACPI: LAPIC_NMI (acpi_id[0x79] high edge lint[0x1])
[    0.000000] ACPI: LAPIC_NMI (acpi_id[0x7a] high edge lint[0x1])
[    0.000000] ACPI: LAPIC_NMI (acpi_id[0x7b] high edge lint[0x1])
[    0.000000] ACPI: LAPIC_NMI (acpi_id[0x7c] high edge lint[0x1])
[    0.000000] ACPI: LAPIC_NMI (acpi_id[0x7d] high edge lint[0x1])
[    0.000000] ACPI: LAPIC_NMI (acpi_id[0x7e] high edge lint[0x1])
[    0.000000] ACPI: LAPIC_NMI (acpi_id[0x7f] high edge lint[0x1])
[    0.000000] IOAPIC[0]: apic_id 1, version 17, address 0xfec00000, GSI 0-23
[    0.000000] ACPI: INT_SRC_OVR (bus 0 bus_irq 0 global_irq 2 high edge)
[    0.000000] ACPI: IRQ0 used by override.
[    0.000000] ACPI: IRQ9 used by override.
[    0.000000] Using ACPI (MADT) for SMP configuration information
[    0.000000] ACPI: HPET id: 0x8086af01 base: 0xfed00000
[    0.000000] smpboot: Allowing 128 CPUs, 127 hotplug CPUs
[    0.000000] PM: Registered nosave memory: [mem 0x00000000-0x00000fff]
[    0.000000] PM: Registered nosave memory: [mem 0x0009e000-0x0009efff]
[    0.000000] PM: Registered nosave memory: [mem 0x0009f000-0x0009ffff]
[    0.000000] PM: Registered nosave memory: [mem 0x000a0000-0x000dbfff]
[    0.000000] PM: Registered nosave memory: [mem 0x000dc000-0x000fffff]
[    0.000000] PM: Registered nosave memory: [mem 0x3fee0000-0x3fefefff]
[    0.000000] PM: Registered nosave memory: [mem 0x3feff000-0x3fefffff]
[    0.000000] e820: [mem 0x40000000-0xefffffff] available for PCI devices
[    0.000000] Booting paravirtualized kernel on VMware hypervisor
[    0.000000] clocksource: refined-jiffies: mask: 0xffffffff max_cycles: 0xffffffff, max_idle_ns: 7645519600211568 ns
[    0.000000] setup_percpu: NR_CPUS:8192 nr_cpumask_bits:128 nr_cpu_ids:128 nr_node_ids:1
[    0.000000] percpu: Embedded 36 pages/cpu @ffff9bad7c600000 s107992 r8192 d31272 u262144
[    0.000000] pcpu-alloc: s107992 r8192 d31272 u262144 alloc=1*2097152
[    0.000000] pcpu-alloc: [0] 000 001 002 003 004 005 006 007 
[    0.000000] pcpu-alloc: [0] 008 009 010 011 012 013 014 015 
[    0.000000] pcpu-alloc: [0] 016 017 018 019 020 021 022 023 
[    0.000000] pcpu-alloc: [0] 024 025 026 027 028 029 030 031 
[    0.000000] pcpu-alloc: [0] 032 033 034 035 036 037 038 039 
[    0.000000] pcpu-alloc: [0] 040 041 042 043 044 045 046 047 
[    0.000000] pcpu-alloc: [0] 048 049 050 051 052 053 054 055 
[    0.000000] pcpu-alloc: [0] 056 057 058 059 060 061 062 063 
[    0.000000] pcpu-alloc: [0] 064 065 066 067 068 069 070 071 
[    0.000000] pcpu-alloc: [0] 072 073 074 075 076 077 078 079 
[    0.000000] pcpu-alloc: [0] 080 081 082 083 084 085 086 087 
[    0.000000] pcpu-alloc: [0] 088 089 090 091 092 093 094 095 
[    0.000000] pcpu-alloc: [0] 096 097 098 099 100 101 102 103 
[    0.000000] pcpu-alloc: [0] 104 105 106 107 108 109 110 111 
[    0.000000] pcpu-alloc: [0] 112 113 114 115 116 117 118 119 
[    0.000000] pcpu-alloc: [0] 120 121 122 123 124 125 126 127 
[    0.000000] Built 1 zonelists in Node order, mobility grouping on.  Total pages: 257896
[    0.000000] Policy zone: DMA32
[    0.000000] Kernel command line: BOOT_IMAGE=/boot/vmlinuz-4.10.0-40-generic root=UUID=a2e2d86c-97ef-475b-aebe-f571048bf254 ro find_preseed=/preseed.cfg auto noprompt priority=critical locale=en_US quiet
[    0.000000] log_buf_len individual max cpu contribution: 4096 bytes
[    0.000000] log_buf_len total cpu_extra contributions: 520192 bytes
[    0.000000] log_buf_len min size: 262144 bytes
[    0.000000] log_buf_len: 1048576 bytes
[    0.000000] early log buf free: 236888(90%)
[    0.000000] PID hash table entries: 4096 (order: 3, 32768 bytes)
[    0.000000] Calgary: detecting Calgary via BIOS EBDA area
[    0.000000] Calgary: Unable to locate Rio Grande table in EBDA - bailing!
[    0.000000] Memory: 950344K/1048052K available (9070K kernel code, 1667K rwdata, 3828K rodata, 2228K init, 2364K bss, 97708K reserved, 0K cma-reserved)
[    0.000000] SLUB: HWalign=64, Order=0-3, MinObjects=0, CPUs=128, Nodes=1
[    0.000000] Hierarchical RCU implementation.
[    0.000000] 	Build-time adjustment of leaf fanout to 64.
[    0.000000] 	RCU restricting CPUs from NR_CPUS=8192 to nr_cpu_ids=128.
[    0.000000] RCU: Adjusting geometry for rcu_fanout_leaf=64, nr_cpu_ids=128
[    0.000000] NR_IRQS:524544 nr_irqs:1448 16
[    0.000000] Console: colour VGA+ 80x25
[    0.000000] console [tty0] enabled
[    0.000000] clocksource: hpet: mask: 0xffffffff max_cycles: 0xffffffff, max_idle_ns: 133484882848 ns
[    0.000000] hpet clockevent registered
[    0.000000] tsc: Detected 2095.238 MHz processor
[    0.194396] Calibrating delay loop (skipped) preset value.. 4190.47 BogoMIPS (lpj=8380952)
[    0.194400] pid_max: default: 131072 minimum: 1024
[    0.194435] ACPI: Core revision 20160930
[    0.212303] ACPI: 1 ACPI AML tables successfully acquired and loaded
[    0.212455] Security Framework initialized
[    0.212456] Yama: becoming mindful.
[    0.212681] AppArmor: AppArmor initialized
[    0.212878] Dentry cache hash table entries: 131072 (order: 8, 1048576 bytes)
[    0.214634] Inode-cache hash table entries: 65536 (order: 7, 524288 bytes)
[    0.217092] Mount-cache hash table entries: 2048 (order: 2, 16384 bytes)
[    0.217095] Mountpoint-cache hash table entries: 2048 (order: 2, 16384 bytes)
[    0.218439] Disabled fast string operations
[    0.218444] CPU: Physical Processor ID: 0
[    0.218456] ENERGY_PERF_BIAS: Set to 'normal', was 'performance'
[    0.218457] ENERGY_PERF_BIAS: View and update with x86_energy_perf_policy(8)
[    0.218461] mce: CPU supports 0 MCE banks
[    0.218478] Last level iTLB entries: 4KB 512, 2MB 8, 4MB 8
[    0.218479] Last level dTLB entries: 4KB 512, 2MB 32, 4MB 32, 1GB 0
[    0.243401] ftrace: allocating 34229 entries in 134 pages
[    0.267200] smpboot: Max logical packages: 128
[    0.268271] x2apic enabled
[    0.268440] Switched APIC routing to physical x2apic.
[    0.269061] ..TIMER: vector=0x30 apic1=0 pin1=2 apic2=-1 pin2=-1
[    0.269129] TSC deadline timer enabled
[    0.269173] smpboot: CPU0: Intel(R) Core(TM) i3-2310M CPU @ 2.10GHz (family: 0x6, model: 0x2a, stepping: 0x7)
[    0.269675] Performance Events: SandyBridge events, core PMU driver.
[    0.269752] core: CPUID marked event: 'cpu cycles' unavailable
[    0.269753] core: CPUID marked event: 'instructions' unavailable
[    0.269753] core: CPUID marked event: 'bus cycles' unavailable
[    0.269754] core: CPUID marked event: 'cache references' unavailable
[    0.269754] core: CPUID marked event: 'cache misses' unavailable
[    0.269755] core: CPUID marked event: 'branch instructions' unavailable
[    0.269755] core: CPUID marked event: 'branch misses' unavailable
[    0.269804] ... version:                1
[    0.269805] ... bit width:              48
[    0.269805] ... generic registers:      4
[    0.269806] ... value mask:             0000ffffffffffff
[    0.269806] ... max period:             000000007fffffff
[    0.269807] ... fixed-purpose events:   0
[    0.269807] ... event mask:             000000000000000f
[    0.277307] NMI watchdog: disabled (cpu0): hardware events not enabled
[    0.277308] NMI watchdog: Shutting down hard lockup detector on all cpus
[    0.288096] smp: Bringing up secondary CPUs ...
[    0.288098] smp: Brought up 1 node, 1 CPU
[    0.288102] smpboot: Total of 1 processors activated (4190.47 BogoMIPS)
[    0.289850] devtmpfs: initialized
[    0.289983] x86/mm: Memory block size: 128MB
[    0.292882] evm: security.selinux
[    0.292883] evm: security.SMACK64
[    0.292884] evm: security.SMACK64EXEC
[    0.292884] evm: security.SMACK64TRANSMUTE
[    0.292884] evm: security.SMACK64MMAP
[    0.292885] evm: security.ima
[    0.292885] evm: security.capability
[    0.293342] PM: Registering ACPI NVS region [mem 0x3feff000-0x3fefffff] (4096 bytes)
[    0.293513] clocksource: jiffies: mask: 0xffffffff max_cycles: 0xffffffff, max_idle_ns: 7645041785100000 ns
[    0.293700] futex hash table entries: 32768 (order: 9, 2097152 bytes)
[    0.304562] pinctrl core: initialized pinctrl subsystem
[    0.304922] RTC time:  5:45:36, date: 11/27/17
[    0.305590] NET: Registered protocol family 16
[    0.305995] cpuidle: using governor ladder
[    0.305996] cpuidle: using governor menu
[    0.305998] PCCT header not found.
[    0.306045] Simple Boot Flag at 0x36 set to 0x80
[    0.306079] ACPI: bus type PCI registered
[    0.306082] acpiphp: ACPI Hot Plug PCI Controller Driver version: 0.5
[    0.306862] PCI: MMCONFIG for domain 0000 [bus 00-7f] at [mem 0xf0000000-0xf7ffffff] (base 0xf0000000)
[    0.306865] PCI: MMCONFIG at [mem 0xf0000000-0xf7ffffff] reserved in E820
[    0.306882] PCI: Using configuration type 1 for base access
[    0.306957] core: PMU erratum BJ122, BV98, HSD29 workaround disabled, HT off
[    0.309443] HugeTLB registered 2 MB page size, pre-allocated 0 pages
[    0.311431] ACPI: Added _OSI(Module Device)
[    0.311432] ACPI: Added _OSI(Processor Device)
[    0.311433] ACPI: Added _OSI(3.0 _SCP Extensions)
[    0.311434] ACPI: Added _OSI(Processor Aggregator Device)
[    0.316697] ACPI: [Firmware Bug]: BIOS _OSI(Linux) query ignored
[    0.337982] ACPI: Interpreter enabled
[    0.337999] ACPI: (supports S0 S1 S4 S5)
[    0.338000] ACPI: Using IOAPIC for interrupt routing
[    0.338032] PCI: Using host bridge windows from ACPI; if necessary, use "pci=nocrs" and report a bug
[    0.439745] ACPI: PCI Root Bridge [PCI0] (domain 0000 [bus 00-7f])
[    0.439753] acpi PNP0A03:00: _OSC: OS supports [ExtendedConfig ASPM ClockPM Segments MSI]
[    0.439997] acpi PNP0A03:00: _OSC: platform does not support [AER]
[    0.440226] acpi PNP0A03:00: _OSC: OS now controls [PCIeHotplug PME PCIeCapability]
[    0.442859] PCI host bridge to bus 0000:00
[    0.442863] pci_bus 0000:00: root bus resource [mem 0x000a0000-0x000bffff window]
[    0.442864] pci_bus 0000:00: root bus resource [mem 0x000d0000-0x000d3fff window]
[    0.442866] pci_bus 0000:00: root bus resource [mem 0x000d4000-0x000d7fff window]
[    0.442867] pci_bus 0000:00: root bus resource [mem 0x000d8000-0x000dbfff window]
[    0.442868] pci_bus 0000:00: root bus resource [mem 0xc0000000-0xfebfffff window]
[    0.442869] pci_bus 0000:00: root bus resource [io  0x0000-0x0cf7 window]
[    0.442870] pci_bus 0000:00: root bus resource [io  0x0d00-0xfeff window]
[    0.442872] pci_bus 0000:00: root bus resource [bus 00-7f]
[    0.442971] pci 0000:00:00.0: [8086:7190] type 00 class 0x060000
[    0.443890] pci 0000:00:01.0: [8086:7191] type 01 class 0x060400
[    0.444641] pci 0000:00:07.0: [8086:7110] type 00 class 0x060100
[    0.446047] pci 0000:00:07.1: [8086:7111] type 00 class 0x01018a
[    0.448084] pci 0000:00:07.1: reg 0x20: [io  0x1060-0x106f]
[    0.448868] pci 0000:00:07.1: legacy IDE quirk: reg 0x10: [io  0x01f0-0x01f7]
[    0.448870] pci 0000:00:07.1: legacy IDE quirk: reg 0x14: [io  0x03f6]
[    0.448871] pci 0000:00:07.1: legacy IDE quirk: reg 0x18: [io  0x0170-0x0177]
[    0.448872] pci 0000:00:07.1: legacy IDE quirk: reg 0x1c: [io  0x0376]
[    0.449275] pci 0000:00:07.3: [8086:7113] type 00 class 0x068000
[    0.451279] pci 0000:00:07.3: quirk: [io  0x1000-0x103f] claimed by PIIX4 ACPI
[    0.451294] pci 0000:00:07.3: quirk: [io  0x1040-0x104f] claimed by PIIX4 SMB
[    0.451846] pci 0000:00:07.7: [15ad:0740] type 00 class 0x088000
[    0.452547] pci 0000:00:07.7: reg 0x10: [io  0x1080-0x10bf]
[    0.453182] pci 0000:00:07.7: reg 0x14: [mem 0xfebfe000-0xfebfffff 64bit]
[    0.456284] pci 0000:00:0f.0: [15ad:0405] type 00 class 0x030000
[    0.458184] pci 0000:00:0f.0: reg 0x10: [io  0x1070-0x107f]
[    0.460014] pci 0000:00:0f.0: reg 0x14: [mem 0xe8000000-0xefffffff pref]
[    0.461831] pci 0000:00:0f.0: reg 0x18: [mem 0xfe000000-0xfe7fffff]
[    0.469225] pci 0000:00:0f.0: reg 0x30: [mem 0x00000000-0x00007fff pref]
[    0.470169] pci 0000:00:10.0: [1000:0030] type 00 class 0x010000
[    0.471119] pci 0000:00:10.0: reg 0x10: [io  0x1400-0x14ff]
[    0.472087] pci 0000:00:10.0: reg 0x14: [mem 0xfeba0000-0xfebbffff 64bit]
[    0.473016] pci 0000:00:10.0: reg 0x1c: [mem 0xfebc0000-0xfebdffff 64bit]
[    0.474997] pci 0000:00:10.0: reg 0x30: [mem 0x00000000-0x00003fff pref]
[    0.475603] pci 0000:00:11.0: [15ad:0790] type 01 class 0x060401
[    0.476384] pci 0000:00:11.0: System wakeup disabled by ACPI
[    0.476677] pci 0000:00:15.0: [15ad:07a0] type 01 class 0x060400
[    0.477567] pci 0000:00:15.0: PME# supported from D0 D3hot D3cold
[    0.477987] pci 0000:00:15.0: System wakeup disabled by ACPI
[    0.478316] pci 0000:00:15.1: [15ad:07a0] type 01 class 0x060400
[    0.479319] pci 0000:00:15.1: PME# supported from D0 D3hot D3cold
[    0.479749] pci 0000:00:15.1: System wakeup disabled by ACPI
[    0.479930] pci 0000:00:15.2: [15ad:07a0] type 01 class 0x060400
[    0.480838] pci 0000:00:15.2: PME# supported from D0 D3hot D3cold
[    0.481100] pci 0000:00:15.2: System wakeup disabled by ACPI
[    0.481357] pci 0000:00:15.3: [15ad:07a0] type 01 class 0x060400
[    0.482229] pci 0000:00:15.3: PME# supported from D0 D3hot D3cold
[    0.482493] pci 0000:00:15.3: System wakeup disabled by ACPI
[    0.482698] pci 0000:00:15.4: [15ad:07a0] type 01 class 0x060400
[    0.483561] pci 0000:00:15.4: PME# supported from D0 D3hot D3cold
[    0.483810] pci 0000:00:15.4: System wakeup disabled by ACPI
[    0.483970] pci 0000:00:15.5: [15ad:07a0] type 01 class 0x060400
[    0.484857] pci 0000:00:15.5: PME# supported from D0 D3hot D3cold
[    0.485107] pci 0000:00:15.5: System wakeup disabled by ACPI
[    0.485510] pci 0000:00:15.6: [15ad:07a0] type 01 class 0x060400
[    0.486370] pci 0000:00:15.6: PME# supported from D0 D3hot D3cold
[    0.486631] pci 0000:00:15.6: System wakeup disabled by ACPI
[    0.486834] pci 0000:00:15.7: [15ad:07a0] type 01 class 0x060400
[    0.487698] pci 0000:00:15.7: PME# supported from D0 D3hot D3cold
[    0.487949] pci 0000:00:15.7: System wakeup disabled by ACPI
[    0.488108] pci 0000:00:16.0: [15ad:07a0] type 01 class 0x060400
[    0.488991] pci 0000:00:16.0: PME# supported from D0 D3hot D3cold
[    0.489241] pci 0000:00:16.0: System wakeup disabled by ACPI
[    0.489454] pci 0000:00:16.1: [15ad:07a0] type 01 class 0x060400
[    0.490317] pci 0000:00:16.1: PME# supported from D0 D3hot D3cold
[    0.490694] pci 0000:00:16.1: System wakeup disabled by ACPI
[    0.490898] pci 0000:00:16.2: [15ad:07a0] type 01 class 0x060400
[    0.491831] pci 0000:00:16.2: PME# supported from D0 D3hot D3cold
[    0.492109] pci 0000:00:16.2: System wakeup disabled by ACPI
[    0.492278] pci 0000:00:16.3: [15ad:07a0] type 01 class 0x060400
[    0.493182] pci 0000:00:16.3: PME# supported from D0 D3hot D3cold
[    0.493451] pci 0000:00:16.3: System wakeup disabled by ACPI
[    0.493684] pci 0000:00:16.4: [15ad:07a0] type 01 class 0x060400
[    0.494561] pci 0000:00:16.4: PME# supported from D0 D3hot D3cold
[    0.494945] pci 0000:00:16.4: System wakeup disabled by ACPI
[    0.495249] pci 0000:00:16.5: [15ad:07a0] type 01 class 0x060400
[    0.496385] pci 0000:00:16.5: PME# supported from D0 D3hot D3cold
[    0.496670] pci 0000:00:16.5: System wakeup disabled by ACPI
[    0.497153] pci 0000:00:16.6: [15ad:07a0] type 01 class 0x060400
[    0.498045] pci 0000:00:16.6: PME# supported from D0 D3hot D3cold
[    0.498309] pci 0000:00:16.6: System wakeup disabled by ACPI
[    0.498519] pci 0000:00:16.7: [15ad:07a0] type 01 class 0x060400
[    0.499388] pci 0000:00:16.7: PME# supported from D0 D3hot D3cold
[    0.499641] pci 0000:00:16.7: System wakeup disabled by ACPI
[    0.499847] pci 0000:00:17.0: [15ad:07a0] type 01 class 0x060400
[    0.500737] pci 0000:00:17.0: PME# supported from D0 D3hot D3cold
[    0.501018] pci 0000:00:17.0: System wakeup disabled by ACPI
[    0.501180] pci 0000:00:17.1: [15ad:07a0] type 01 class 0x060400
[    0.502054] pci 0000:00:17.1: PME# supported from D0 D3hot D3cold
[    0.502303] pci 0000:00:17.1: System wakeup disabled by ACPI
[    0.502506] pci 0000:00:17.2: [15ad:07a0] type 01 class 0x060400
[    0.503372] pci 0000:00:17.2: PME# supported from D0 D3hot D3cold
[    0.503631] pci 0000:00:17.2: System wakeup disabled by ACPI
[    0.503833] pci 0000:00:17.3: [15ad:07a0] type 01 class 0x060400
[    0.504705] pci 0000:00:17.3: PME# supported from D0 D3hot D3cold
[    0.504978] pci 0000:00:17.3: System wakeup disabled by ACPI
[    0.505140] pci 0000:00:17.4: [15ad:07a0] type 01 class 0x060400
[    0.506043] pci 0000:00:17.4: PME# supported from D0 D3hot D3cold
[    0.506296] pci 0000:00:17.4: System wakeup disabled by ACPI
[    0.506543] pci 0000:00:17.5: [15ad:07a0] type 01 class 0x060400
[    0.507417] pci 0000:00:17.5: PME# supported from D0 D3hot D3cold
[    0.507686] pci 0000:00:17.5: System wakeup disabled by ACPI
[    0.508101] pci 0000:00:17.6: [15ad:07a0] type 01 class 0x060400
[    0.509057] pci 0000:00:17.6: PME# supported from D0 D3hot D3cold
[    0.509334] pci 0000:00:17.6: System wakeup disabled by ACPI
[    0.509513] pci 0000:00:17.7: [15ad:07a0] type 01 class 0x060400
[    0.510374] pci 0000:00:17.7: PME# supported from D0 D3hot D3cold
[    0.510633] pci 0000:00:17.7: System wakeup disabled by ACPI
[    0.510864] pci 0000:00:18.0: [15ad:07a0] type 01 class 0x060400
[    0.511765] pci 0000:00:18.0: PME# supported from D0 D3hot D3cold
[    0.512199] pci 0000:00:18.0: System wakeup disabled by ACPI
[    0.512636] pci 0000:00:18.1: [15ad:07a0] type 01 class 0x060400
[    0.513666] pci 0000:00:18.1: PME# supported from D0 D3hot D3cold
[    0.513951] pci 0000:00:18.1: System wakeup disabled by ACPI
[    0.514125] pci 0000:00:18.2: [15ad:07a0] type 01 class 0x060400
[    0.514993] pci 0000:00:18.2: PME# supported from D0 D3hot D3cold
[    0.515247] pci 0000:00:18.2: System wakeup disabled by ACPI
[    0.515471] pci 0000:00:18.3: [15ad:07a0] type 01 class 0x060400
[    0.516330] pci 0000:00:18.3: PME# supported from D0 D3hot D3cold
[    0.516582] pci 0000:00:18.3: System wakeup disabled by ACPI
[    0.516843] pci 0000:00:18.4: [15ad:07a0] type 01 class 0x060400
[    0.517740] pci 0000:00:18.4: PME# supported from D0 D3hot D3cold
[    0.518017] pci 0000:00:18.4: System wakeup disabled by ACPI
[    0.518177] pci 0000:00:18.5: [15ad:07a0] type 01 class 0x060400
[    0.519042] pci 0000:00:18.5: PME# supported from D0 D3hot D3cold
[    0.519291] pci 0000:00:18.5: System wakeup disabled by ACPI
[    0.519695] pci 0000:00:18.6: [15ad:07a0] type 01 class 0x060400
[    0.520554] pci 0000:00:18.6: PME# supported from D0 D3hot D3cold
[    0.520804] pci 0000:00:18.6: System wakeup disabled by ACPI
[    0.521006] pci 0000:00:18.7: [15ad:07a0] type 01 class 0x060400
[    0.521896] pci 0000:00:18.7: PME# supported from D0 D3hot D3cold
[    0.522147] pci 0000:00:18.7: System wakeup disabled by ACPI
[    0.522822] pci 0000:00:01.0: PCI bridge to [bus 01]
[    0.523473] acpiphp: Slot [32] registered
[    0.523504] acpiphp: Slot [33] registered
[    0.523533] acpiphp: Slot [34] registered
[    0.523562] acpiphp: Slot [35] registered
[    0.523590] acpiphp: Slot [36] registered
[    0.523618] acpiphp: Slot [37] registered
[    0.523646] acpiphp: Slot [38] registered
[    0.523673] acpiphp: Slot [39] registered
[    0.523741] acpiphp: Slot [40] registered
[    0.523770] acpiphp: Slot [41] registered
[    0.523797] acpiphp: Slot [42] registered
[    0.523825] acpiphp: Slot [43] registered
[    0.523853] acpiphp: Slot [44] registered
[    0.523880] acpiphp: Slot [45] registered
[    0.523907] acpiphp: Slot [46] registered
[    0.523935] acpiphp: Slot [47] registered
[    0.523962] acpiphp: Slot [48] registered
[    0.523989] acpiphp: Slot [49] registered
[    0.524016] acpiphp: Slot [50] registered
[    0.524044] acpiphp: Slot [51] registered
[    0.524071] acpiphp: Slot [52] registered
[    0.524138] acpiphp: Slot [53] registered
[    0.524166] acpiphp: Slot [54] registered
[    0.524194] acpiphp: Slot [55] registered
[    0.524221] acpiphp: Slot [56] registered
[    0.524249] acpiphp: Slot [57] registered
[    0.524276] acpiphp: Slot [58] registered
[    0.524303] acpiphp: Slot [59] registered
[    0.524352] acpiphp: Slot [60] registered
[    0.524382] acpiphp: Slot [61] registered
[    0.524410] acpiphp: Slot [62] registered
[    0.524450] acpiphp: Slot [63] registered
[    0.524621] pci 0000:02:00.0: [15ad:0774] type 00 class 0x0c0300
[    0.526285] pci 0000:02:00.0: reg 0x20: [io  0x2080-0x209f]
[    0.527364] pci 0000:02:00.0: System wakeup disabled by ACPI
[    0.527636] pci 0000:02:01.0: [8086:100f] type 00 class 0x020000
[    0.529118] pci 0000:02:01.0: reg 0x10: [mem 0xfd5c0000-0xfd5dffff 64bit]
[    0.530144] pci 0000:02:01.0: reg 0x18: [mem 0xfdff0000-0xfdffffff 64bit]
[    0.531054] pci 0000:02:01.0: reg 0x20: [io  0x2000-0x203f]
[    0.532809] pci 0000:02:01.0: reg 0x30: [mem 0x00000000-0x0000ffff pref]
[    0.533377] pci 0000:02:01.0: System wakeup disabled by ACPI
[    0.533597] pci 0000:02:02.0: [1274:1371] type 00 class 0x040100
[    0.534025] pci 0000:02:02.0: reg 0x10: [io  0x2040-0x207f]
[    0.536617] pci 0000:02:02.0: System wakeup disabled by ACPI
[    0.536734] pci 0000:02:03.0: [15ad:0770] type 00 class 0x0c0320
[    0.537213] pci 0000:02:03.0: reg 0x10: [mem 0xfd5ef000-0xfd5effff]
[    0.540111] pci 0000:02:03.0: System wakeup disabled by ACPI
[    0.540328] pci 0000:02:05.0: [15ad:07e0] type 00 class 0x010601
[    0.542910] pci 0000:02:05.0: reg 0x24: [mem 0xfd5ee000-0xfd5eefff]
[    0.543334] pci 0000:02:05.0: reg 0x30: [mem 0x00000000-0x0000ffff pref]
[    0.543865] pci 0000:02:05.0: PME# supported from D3hot
[    0.544085] pci 0000:02:05.0: System wakeup disabled by ACPI
[    0.544529] pci 0000:00:11.0: PCI bridge to [bus 02] (subtractive decode)
[    0.544558] pci 0000:00:11.0:   bridge window [io  0x2000-0x3fff]
[    0.544585] pci 0000:00:11.0:   bridge window [mem 0xfd500000-0xfdffffff]
[    0.544636] pci 0000:00:11.0:   bridge window [mem 0xe7b00000-0xe7ffffff 64bit pref]
[    0.544638] pci 0000:00:11.0:   bridge window [mem 0x000a0000-0x000bffff window] (subtractive decode)
[    0.544640] pci 0000:00:11.0:   bridge window [mem 0x000d0000-0x000d3fff window] (subtractive decode)
[    0.544641] pci 0000:00:11.0:   bridge window [mem 0x000d4000-0x000d7fff window] (subtractive decode)
[    0.544642] pci 0000:00:11.0:   bridge window [mem 0x000d8000-0x000dbfff window] (subtractive decode)
[    0.544643] pci 0000:00:11.0:   bridge window [mem 0xc0000000-0xfebfffff window] (subtractive decode)
[    0.544644] pci 0000:00:11.0:   bridge window [io  0x0000-0x0cf7 window] (subtractive decode)
[    0.544645] pci 0000:00:11.0:   bridge window [io  0x0d00-0xfeff window] (subtractive decode)
[    0.545539] pci 0000:00:15.0: PCI bridge to [bus 03]
[    0.545569] pci 0000:00:15.0:   bridge window [io  0x4000-0x4fff]
[    0.545597] pci 0000:00:15.0:   bridge window [mem 0xfd400000-0xfd4fffff]
[    0.545649] pci 0000:00:15.0:   bridge window [mem 0xe7a00000-0xe7afffff 64bit pref]
[    0.546514] pci 0000:00:15.1: PCI bridge to [bus 04]
[    0.546542] pci 0000:00:15.1:   bridge window [io  0x8000-0x8fff]
[    0.546569] pci 0000:00:15.1:   bridge window [mem 0xfd000000-0xfd0fffff]
[    0.546620] pci 0000:00:15.1:   bridge window [mem 0xe7600000-0xe76fffff 64bit pref]
[    0.547175] pci 0000:00:15.2: PCI bridge to [bus 05]
[    0.547204] pci 0000:00:15.2:   bridge window [io  0xc000-0xcfff]
[    0.547243] pci 0000:00:15.2:   bridge window [mem 0xfcc00000-0xfccfffff]
[    0.547302] pci 0000:00:15.2:   bridge window [mem 0xe7200000-0xe72fffff 64bit pref]
[    0.547783] pci 0000:00:15.3: PCI bridge to [bus 06]
[    0.547834] pci 0000:00:15.3:   bridge window [mem 0xfc800000-0xfc8fffff]
[    0.547885] pci 0000:00:15.3:   bridge window [mem 0xe6e00000-0xe6efffff 64bit pref]
[    0.548301] pci 0000:00:15.4: PCI bridge to [bus 07]
[    0.548352] pci 0000:00:15.4:   bridge window [mem 0xfc400000-0xfc4fffff]
[    0.548403] pci 0000:00:15.4:   bridge window [mem 0xe6a00000-0xe6afffff 64bit pref]
[    0.548860] pci 0000:00:15.5: PCI bridge to [bus 08]
[    0.548910] pci 0000:00:15.5:   bridge window [mem 0xfc000000-0xfc0fffff]
[    0.548961] pci 0000:00:15.5:   bridge window [mem 0xe6600000-0xe66fffff 64bit pref]
[    0.549370] pci 0000:00:15.6: PCI bridge to [bus 09]
[    0.549421] pci 0000:00:15.6:   bridge window [mem 0xfbc00000-0xfbcfffff]
[    0.549489] pci 0000:00:15.6:   bridge window [mem 0xe6200000-0xe62fffff 64bit pref]
[    0.550061] pci 0000:00:15.7: PCI bridge to [bus 0a]
[    0.550112] pci 0000:00:15.7:   bridge window [mem 0xfb800000-0xfb8fffff]
[    0.550163] pci 0000:00:15.7:   bridge window [mem 0xe5e00000-0xe5efffff 64bit pref]
[    0.550674] pci 0000:00:16.0: PCI bridge to [bus 0b]
[    0.550701] pci 0000:00:16.0:   bridge window [io  0x5000-0x5fff]
[    0.550728] pci 0000:00:16.0:   bridge window [mem 0xfd300000-0xfd3fffff]
[    0.550779] pci 0000:00:16.0:   bridge window [mem 0xe7900000-0xe79fffff 64bit pref]
[    0.551191] pci 0000:00:16.1: PCI bridge to [bus 0c]
[    0.551217] pci 0000:00:16.1:   bridge window [io  0x9000-0x9fff]
[    0.551244] pci 0000:00:16.1:   bridge window [mem 0xfcf00000-0xfcffffff]
[    0.551295] pci 0000:00:16.1:   bridge window [mem 0xe7500000-0xe75fffff 64bit pref]
[    0.551717] pci 0000:00:16.2: PCI bridge to [bus 0d]
[    0.551744] pci 0000:00:16.2:   bridge window [io  0xd000-0xdfff]
[    0.551770] pci 0000:00:16.2:   bridge window [mem 0xfcb00000-0xfcbfffff]
[    0.551821] pci 0000:00:16.2:   bridge window [mem 0xe7100000-0xe71fffff 64bit pref]
[    0.552283] pci 0000:00:16.3: PCI bridge to [bus 0e]
[    0.552334] pci 0000:00:16.3:   bridge window [mem 0xfc700000-0xfc7fffff]
[    0.552385] pci 0000:00:16.3:   bridge window [mem 0xe6d00000-0xe6dfffff 64bit pref]
[    0.552798] pci 0000:00:16.4: PCI bridge to [bus 0f]
[    0.552848] pci 0000:00:16.4:   bridge window [mem 0xfc300000-0xfc3fffff]
[    0.552899] pci 0000:00:16.4:   bridge window [mem 0xe6900000-0xe69fffff 64bit pref]
[    0.553311] pci 0000:00:16.5: PCI bridge to [bus 10]
[    0.553361] pci 0000:00:16.5:   bridge window [mem 0xfbf00000-0xfbffffff]
[    0.553412] pci 0000:00:16.5:   bridge window [mem 0xe6500000-0xe65fffff 64bit pref]
[    0.553891] pci 0000:00:16.6: PCI bridge to [bus 11]
[    0.553942] pci 0000:00:16.6:   bridge window [mem 0xfbb00000-0xfbbfffff]
[    0.553993] pci 0000:00:16.6:   bridge window [mem 0xe6100000-0xe61fffff 64bit pref]
[    0.554403] pci 0000:00:16.7: PCI bridge to [bus 12]
[    0.554453] pci 0000:00:16.7:   bridge window [mem 0xfb700000-0xfb7fffff]
[    0.554506] pci 0000:00:16.7:   bridge window [mem 0xe5d00000-0xe5dfffff 64bit pref]
[    0.554915] pci 0000:00:17.0: PCI bridge to [bus 13]
[    0.554942] pci 0000:00:17.0:   bridge window [io  0x6000-0x6fff]
[    0.554968] pci 0000:00:17.0:   bridge window [mem 0xfd200000-0xfd2fffff]
[    0.555019] pci 0000:00:17.0:   bridge window [mem 0xe7800000-0xe78fffff 64bit pref]
[    0.555760] pci 0000:00:17.1: PCI bridge to [bus 14]
[    0.555786] pci 0000:00:17.1:   bridge window [io  0xa000-0xafff]
[    0.555813] pci 0000:00:17.1:   bridge window [mem 0xfce00000-0xfcefffff]
[    0.555864] pci 0000:00:17.1:   bridge window [mem 0xe7400000-0xe74fffff 64bit pref]
[    0.556281] pci 0000:00:17.2: PCI bridge to [bus 15]
[    0.556308] pci 0000:00:17.2:   bridge window [io  0xe000-0xefff]
[    0.556334] pci 0000:00:17.2:   bridge window [mem 0xfca00000-0xfcafffff]
[    0.556385] pci 0000:00:17.2:   bridge window [mem 0xe7000000-0xe70fffff 64bit pref]
[    0.556802] pci 0000:00:17.3: PCI bridge to [bus 16]
[    0.556852] pci 0000:00:17.3:   bridge window [mem 0xfc600000-0xfc6fffff]
[    0.556903] pci 0000:00:17.3:   bridge window [mem 0xe6c00000-0xe6cfffff 64bit pref]
[    0.557361] pci 0000:00:17.4: PCI bridge to [bus 17]
[    0.557412] pci 0000:00:17.4:   bridge window [mem 0xfc200000-0xfc2fffff]
[    0.557476] pci 0000:00:17.4:   bridge window [mem 0xe6800000-0xe68fffff 64bit pref]
[    0.557918] pci 0000:00:17.5: PCI bridge to [bus 18]
[    0.557969] pci 0000:00:17.5:   bridge window [mem 0xfbe00000-0xfbefffff]
[    0.558020] pci 0000:00:17.5:   bridge window [mem 0xe6400000-0xe64fffff 64bit pref]
[    0.558442] pci 0000:00:17.6: PCI bridge to [bus 19]
[    0.558517] pci 0000:00:17.6:   bridge window [mem 0xfba00000-0xfbafffff]
[    0.558587] pci 0000:00:17.6:   bridge window [mem 0xe6000000-0xe60fffff 64bit pref]
[    0.559060] pci 0000:00:17.7: PCI bridge to [bus 1a]
[    0.559111] pci 0000:00:17.7:   bridge window [mem 0xfb600000-0xfb6fffff]
[    0.559163] pci 0000:00:17.7:   bridge window [mem 0xe5c00000-0xe5cfffff 64bit pref]
[    0.559600] pci 0000:00:18.0: PCI bridge to [bus 1b]
[    0.559626] pci 0000:00:18.0:   bridge window [io  0x7000-0x7fff]
[    0.559653] pci 0000:00:18.0:   bridge window [mem 0xfd100000-0xfd1fffff]
[    0.559704] pci 0000:00:18.0:   bridge window [mem 0xe7700000-0xe77fffff 64bit pref]
[    0.560118] pci 0000:00:18.1: PCI bridge to [bus 1c]
[    0.560144] pci 0000:00:18.1:   bridge window [io  0xb000-0xbfff]
[    0.560171] pci 0000:00:18.1:   bridge window [mem 0xfcd00000-0xfcdfffff]
[    0.560222] pci 0000:00:18.1:   bridge window [mem 0xe7300000-0xe73fffff 64bit pref]
[    0.560695] pci 0000:00:18.2: PCI bridge to [bus 1d]
[    0.560746] pci 0000:00:18.2:   bridge window [mem 0xfc900000-0xfc9fffff]
[    0.560797] pci 0000:00:18.2:   bridge window [mem 0xe6f00000-0xe6ffffff 64bit pref]
[    0.561211] pci 0000:00:18.3: PCI bridge to [bus 1e]
[    0.561262] pci 0000:00:18.3:   bridge window [mem 0xfc500000-0xfc5fffff]
[    0.561313] pci 0000:00:18.3:   bridge window [mem 0xe6b00000-0xe6bfffff 64bit pref]
[    0.561745] pci 0000:00:18.4: PCI bridge to [bus 1f]
[    0.561815] pci 0000:00:18.4:   bridge window [mem 0xfc100000-0xfc1fffff]
[    0.562005] pci 0000:00:18.4:   bridge window [mem 0xe6700000-0xe67fffff 64bit pref]
[    0.562729] pci 0000:00:18.5: PCI bridge to [bus 20]
[    0.562782] pci 0000:00:18.5:   bridge window [mem 0xfbd00000-0xfbdfffff]
[    0.562833] pci 0000:00:18.5:   bridge window [mem 0xe6300000-0xe63fffff 64bit pref]
[    0.563373] pci 0000:00:18.6: PCI bridge to [bus 21]
[    0.563426] pci 0000:00:18.6:   bridge window [mem 0xfb900000-0xfb9fffff]
[    0.563493] pci 0000:00:18.6:   bridge window [mem 0xe5f00000-0xe5ffffff 64bit pref]
[    0.564007] pci 0000:00:18.7: PCI bridge to [bus 22]
[    0.564059] pci 0000:00:18.7:   bridge window [mem 0xfb500000-0xfb5fffff]
[    0.564110] pci 0000:00:18.7:   bridge window [mem 0xe5b00000-0xe5bfffff 64bit pref]
[    0.567679] ACPI: PCI Interrupt Link [LNKA] (IRQs 3 4 5 6 7 *9 10 11 14 15)
[    0.567788] ACPI: PCI Interrupt Link [LNKB] (IRQs 3 4 5 6 7 9 10 *11 14 15)
[    0.567892] ACPI: PCI Interrupt Link [LNKC] (IRQs 3 4 5 6 7 9 *10 11 14 15)
[    0.567994] ACPI: PCI Interrupt Link [LNKD] (IRQs 3 4 5 6 *7 9 10 11 14 15)
[    0.585294] ACPI: Enabled 2 GPEs in block 00 to 0F
[    0.615335] SCSI subsystem initialized
[    0.615712] libata version 3.00 loaded.
[    0.615828] pci 0000:00:0f.0: vgaarb: setting as boot VGA device
[    0.615831] pci 0000:00:0f.0: vgaarb: VGA device added: decodes=io+mem,owns=io+mem,locks=none
[    0.615843] pci 0000:00:0f.0: vgaarb: bridge control possible
[    0.615843] vgaarb: loaded
[    0.615868] ACPI: bus type USB registered
[    0.615886] usbcore: registered new interface driver usbfs
[    0.615896] usbcore: registered new interface driver hub
[    0.615941] usbcore: registered new device driver usb
[    0.616368] PCI: Using ACPI for IRQ routing
[    0.654800] PCI: pci_cache_line_size set to 64 bytes
[    0.656012] e820: reserve RAM buffer [mem 0x0009e800-0x0009ffff]
[    0.656015] e820: reserve RAM buffer [mem 0x3fee0000-0x3fffffff]
[    0.656491] NetLabel: Initializing
[    0.656492] NetLabel:  domain hash size = 128
[    0.656492] NetLabel:  protocols = UNLABELED CIPSOv4 CALIPSO
[    0.656507] NetLabel:  unlabeled traffic allowed by default
[    0.656918] hpet0: at MMIO 0xfed00000, IRQs 2, 8, 0, 0, 0, 0, 0, 0, 0, 0, 0, 0, 0, 0, 0, 0
[    0.656925] hpet0: 16 comparators, 64-bit 14.318180 MHz counter
[    0.660132] clocksource: Switched to clocksource hpet
[    0.714737] VFS: Disk quotas dquot_6.6.0
[    0.714813] VFS: Dquot-cache hash table entries: 512 (order 0, 4096 bytes)
[    0.715485] AppArmor: AppArmor Filesystem Enabled
[    0.715735] pnp: PnP ACPI init
[    0.715998] system 00:00: [io  0x1000-0x103f] has been reserved
[    0.716000] system 00:00: [io  0x1040-0x104f] has been reserved
[    0.716002] system 00:00: [io  0x0cf0-0x0cf1] has been reserved
[    0.716006] system 00:00: Plug and Play ACPI device, IDs PNP0c02 (active)
[    0.716041] pnp 00:01: Plug and Play ACPI device, IDs PNP0b00 (active)
[    0.716125] pnp 00:02: Plug and Play ACPI device, IDs PNP0303 (active)
[    0.716151] pnp 00:03: Plug and Play ACPI device, IDs PNP0f13 (active)
[    0.716489] system 00:04: [mem 0xfed00000-0xfed003ff] has been reserved
[    0.716493] system 00:04: Plug and Play ACPI device, IDs PNP0103 PNP0c01 (active)
[    0.718609] pnp 00:05: Plug and Play ACPI device, IDs PNP0501 (active)
[    0.718943] pnp 00:06: [dma 2]
[    0.718985] pnp 00:06: Plug and Play ACPI device, IDs PNP0700 (active)
[    0.719233] system 00:07: [io  0xfce0-0xfcff] has been reserved
[    0.719236] system 00:07: [mem 0xf0000000-0xf7ffffff] has been reserved
[    0.719239] system 00:07: [mem 0xfe800000-0xfe9fffff] has been reserved
[    0.719242] system 00:07: Plug and Play ACPI device, IDs PNP0c02 (active)
[    0.727016] pnp: PnP ACPI: found 8 devices
[    0.735714] clocksource: acpi_pm: mask: 0xffffff max_cycles: 0xffffff, max_idle_ns: 2085701024 ns
[    0.736152] pci 0000:00:15.3: bridge window [io  0x1000-0x0fff] to [bus 06] add_size 1000
[    0.736230] pci 0000:00:15.4: bridge window [io  0x1000-0x0fff] to [bus 07] add_size 1000
[    0.736307] pci 0000:00:15.5: bridge window [io  0x1000-0x0fff] to [bus 08] add_size 1000
[    0.736383] pci 0000:00:15.6: bridge window [io  0x1000-0x0fff] to [bus 09] add_size 1000
[    0.736459] pci 0000:00:15.7: bridge window [io  0x1000-0x0fff] to [bus 0a] add_size 1000
[    0.736766] pci 0000:00:16.3: bridge window [io  0x1000-0x0fff] to [bus 0e] add_size 1000
[    0.736842] pci 0000:00:16.4: bridge window [io  0x1000-0x0fff] to [bus 0f] add_size 1000
[    0.736919] pci 0000:00:16.5: bridge window [io  0x1000-0x0fff] to [bus 10] add_size 1000
[    0.736995] pci 0000:00:16.6: bridge window [io  0x1000-0x0fff] to [bus 11] add_size 1000
[    0.737072] pci 0000:00:16.7: bridge window [io  0x1000-0x0fff] to [bus 12] add_size 1000
[    0.737368] pci 0000:00:17.3: bridge window [io  0x1000-0x0fff] to [bus 16] add_size 1000
[    0.737445] pci 0000:00:17.4: bridge window [io  0x1000-0x0fff] to [bus 17] add_size 1000
[    0.737546] pci 0000:00:17.5: bridge window [io  0x1000-0x0fff] to [bus 18] add_size 1000
[    0.737634] pci 0000:00:17.6: bridge window [io  0x1000-0x0fff] to [bus 19] add_size 1000
[    0.737710] pci 0000:00:17.7: bridge window [io  0x1000-0x0fff] to [bus 1a] add_size 1000
[    0.737933] pci 0000:00:18.2: bridge window [io  0x1000-0x0fff] to [bus 1d] add_size 1000
[    0.738010] pci 0000:00:18.3: bridge window [io  0x1000-0x0fff] to [bus 1e] add_size 1000
[    0.738086] pci 0000:00:18.4: bridge window [io  0x1000-0x0fff] to [bus 1f] add_size 1000
[    0.738161] pci 0000:00:18.5: bridge window [io  0x1000-0x0fff] to [bus 20] add_size 1000
[    0.738238] pci 0000:00:18.6: bridge window [io  0x1000-0x0fff] to [bus 21] add_size 1000
[    0.738315] pci 0000:00:18.7: bridge window [io  0x1000-0x0fff] to [bus 22] add_size 1000
[    0.738352] pci 0000:00:15.3: res[13]=[io  0x1000-0x0fff] res_to_dev_res add_size 1000 min_align 1000
[    0.738353] pci 0000:00:15.3: res[13]=[io  0x1000-0x1fff] res_to_dev_res add_size 1000 min_align 1000
[    0.738355] pci 0000:00:15.4: res[13]=[io  0x1000-0x0fff] res_to_dev_res add_size 1000 min_align 1000
[    0.738356] pci 0000:00:15.4: res[13]=[io  0x1000-0x1fff] res_to_dev_res add_size 1000 min_align 1000
[    0.738357] pci 0000:00:15.5: res[13]=[io  0x1000-0x0fff] res_to_dev_res add_size 1000 min_align 1000
[    0.738358] pci 0000:00:15.5: res[13]=[io  0x1000-0x1fff] res_to_dev_res add_size 1000 min_align 1000
[    0.738360] pci 0000:00:15.6: res[13]=[io  0x1000-0x0fff] res_to_dev_res add_size 1000 min_align 1000
[    0.738361] pci 0000:00:15.6: res[13]=[io  0x1000-0x1fff] res_to_dev_res add_size 1000 min_align 1000
[    0.738362] pci 0000:00:15.7: res[13]=[io  0x1000-0x0fff] res_to_dev_res add_size 1000 min_align 1000
[    0.738363] pci 0000:00:15.7: res[13]=[io  0x1000-0x1fff] res_to_dev_res add_size 1000 min_align 1000
[    0.738365] pci 0000:00:16.3: res[13]=[io  0x1000-0x0fff] res_to_dev_res add_size 1000 min_align 1000
[    0.738366] pci 0000:00:16.3: res[13]=[io  0x1000-0x1fff] res_to_dev_res add_size 1000 min_align 1000
[    0.738367] pci 0000:00:16.4: res[13]=[io  0x1000-0x0fff] res_to_dev_res add_size 1000 min_align 1000
[    0.738368] pci 0000:00:16.4: res[13]=[io  0x1000-0x1fff] res_to_dev_res add_size 1000 min_align 1000
[    0.738370] pci 0000:00:16.5: res[13]=[io  0x1000-0x0fff] res_to_dev_res add_size 1000 min_align 1000
[    0.738371] pci 0000:00:16.5: res[13]=[io  0x1000-0x1fff] res_to_dev_res add_size 1000 min_align 1000
[    0.738372] pci 0000:00:16.6: res[13]=[io  0x1000-0x0fff] res_to_dev_res add_size 1000 min_align 1000
[    0.738373] pci 0000:00:16.6: res[13]=[io  0x1000-0x1fff] res_to_dev_res add_size 1000 min_align 1000
[    0.738375] pci 0000:00:16.7: res[13]=[io  0x1000-0x0fff] res_to_dev_res add_size 1000 min_align 1000
[    0.738376] pci 0000:00:16.7: res[13]=[io  0x1000-0x1fff] res_to_dev_res add_size 1000 min_align 1000
[    0.738377] pci 0000:00:17.3: res[13]=[io  0x1000-0x0fff] res_to_dev_res add_size 1000 min_align 1000
[    0.738378] pci 0000:00:17.3: res[13]=[io  0x1000-0x1fff] res_to_dev_res add_size 1000 min_align 1000
[    0.738379] pci 0000:00:17.4: res[13]=[io  0x1000-0x0fff] res_to_dev_res add_size 1000 min_align 1000
[    0.738381] pci 0000:00:17.4: res[13]=[io  0x1000-0x1fff] res_to_dev_res add_size 1000 min_align 1000
[    0.738382] pci 0000:00:17.5: res[13]=[io  0x1000-0x0fff] res_to_dev_res add_size 1000 min_align 1000
[    0.738383] pci 0000:00:17.5: res[13]=[io  0x1000-0x1fff] res_to_dev_res add_size 1000 min_align 1000
[    0.738384] pci 0000:00:17.6: res[13]=[io  0x1000-0x0fff] res_to_dev_res add_size 1000 min_align 1000
[    0.738386] pci 0000:00:17.6: res[13]=[io  0x1000-0x1fff] res_to_dev_res add_size 1000 min_align 1000
[    0.738387] pci 0000:00:17.7: res[13]=[io  0x1000-0x0fff] res_to_dev_res add_size 1000 min_align 1000
[    0.738388] pci 0000:00:17.7: res[13]=[io  0x1000-0x1fff] res_to_dev_res add_size 1000 min_align 1000
[    0.738389] pci 0000:00:18.2: res[13]=[io  0x1000-0x0fff] res_to_dev_res add_size 1000 min_align 1000
[    0.738390] pci 0000:00:18.2: res[13]=[io  0x1000-0x1fff] res_to_dev_res add_size 1000 min_align 1000
[    0.738392] pci 0000:00:18.3: res[13]=[io  0x1000-0x0fff] res_to_dev_res add_size 1000 min_align 1000
[    0.738393] pci 0000:00:18.3: res[13]=[io  0x1000-0x1fff] res_to_dev_res add_size 1000 min_align 1000
[    0.738394] pci 0000:00:18.4: res[13]=[io  0x1000-0x0fff] res_to_dev_res add_size 1000 min_align 1000
[    0.738395] pci 0000:00:18.4: res[13]=[io  0x1000-0x1fff] res_to_dev_res add_size 1000 min_align 1000
[    0.738397] pci 0000:00:18.5: res[13]=[io  0x1000-0x0fff] res_to_dev_res add_size 1000 min_align 1000
[    0.738398] pci 0000:00:18.5: res[13]=[io  0x1000-0x1fff] res_to_dev_res add_size 1000 min_align 1000
[    0.738399] pci 0000:00:18.6: res[13]=[io  0x1000-0x0fff] res_to_dev_res add_size 1000 min_align 1000
[    0.738400] pci 0000:00:18.6: res[13]=[io  0x1000-0x1fff] res_to_dev_res add_size 1000 min_align 1000
[    0.738401] pci 0000:00:18.7: res[13]=[io  0x1000-0x0fff] res_to_dev_res add_size 1000 min_align 1000
[    0.738403] pci 0000:00:18.7: res[13]=[io  0x1000-0x1fff] res_to_dev_res add_size 1000 min_align 1000
[    0.738409] pci 0000:00:0f.0: BAR 6: assigned [mem 0xc0000000-0xc0007fff pref]
[    0.738412] pci 0000:00:10.0: BAR 6: assigned [mem 0xc0008000-0xc000bfff pref]
[    0.738416] pci 0000:00:15.3: BAR 13: no space for [io  size 0x1000]
[    0.738418] pci 0000:00:15.3: BAR 13: failed to assign [io  size 0x1000]
[    0.738420] pci 0000:00:15.4: BAR 13: no space for [io  size 0x1000]
[    0.738421] pci 0000:00:15.4: BAR 13: failed to assign [io  size 0x1000]
[    0.738423] pci 0000:00:15.5: BAR 13: no space for [io  size 0x1000]
[    0.738424] pci 0000:00:15.5: BAR 13: failed to assign [io  size 0x1000]
[    0.738427] pci 0000:00:15.6: BAR 13: no space for [io  size 0x1000]
[    0.738428] pci 0000:00:15.6: BAR 13: failed to assign [io  size 0x1000]
[    0.738430] pci 0000:00:15.7: BAR 13: no space for [io  size 0x1000]
[    0.738431] pci 0000:00:15.7: BAR 13: failed to assign [io  size 0x1000]
[    0.738433] pci 0000:00:16.3: BAR 13: no space for [io  size 0x1000]
[    0.738434] pci 0000:00:16.3: BAR 13: failed to assign [io  size 0x1000]
[    0.738436] pci 0000:00:16.4: BAR 13: no space for [io  size 0x1000]
[    0.738437] pci 0000:00:16.4: BAR 13: failed to assign [io  size 0x1000]
[    0.738439] pci 0000:00:16.5: BAR 13: no space for [io  size 0x1000]
[    0.738440] pci 0000:00:16.5: BAR 13: failed to assign [io  size 0x1000]
[    0.738442] pci 0000:00:16.6: BAR 13: no space for [io  size 0x1000]
[    0.738443] pci 0000:00:16.6: BAR 13: failed to assign [io  size 0x1000]
[    0.738445] pci 0000:00:16.7: BAR 13: no space for [io  size 0x1000]
[    0.738446] pci 0000:00:16.7: BAR 13: failed to assign [io  size 0x1000]
[    0.738448] pci 0000:00:17.3: BAR 13: no space for [io  size 0x1000]
[    0.738449] pci 0000:00:17.3: BAR 13: failed to assign [io  size 0x1000]
[    0.738451] pci 0000:00:17.4: BAR 13: no space for [io  size 0x1000]
[    0.738452] pci 0000:00:17.4: BAR 13: failed to assign [io  size 0x1000]
[    0.738454] pci 0000:00:17.5: BAR 13: no space for [io  size 0x1000]
[    0.738455] pci 0000:00:17.5: BAR 13: failed to assign [io  size 0x1000]
[    0.738457] pci 0000:00:17.6: BAR 13: no space for [io  size 0x1000]
[    0.738458] pci 0000:00:17.6: BAR 13: failed to assign [io  size 0x1000]
[    0.738460] pci 0000:00:17.7: BAR 13: no space for [io  size 0x1000]
[    0.738461] pci 0000:00:17.7: BAR 13: failed to assign [io  size 0x1000]
[    0.738463] pci 0000:00:18.2: BAR 13: no space for [io  size 0x1000]
[    0.738464] pci 0000:00:18.2: BAR 13: failed to assign [io  size 0x1000]
[    0.738466] pci 0000:00:18.3: BAR 13: no space for [io  size 0x1000]
[    0.738467] pci 0000:00:18.3: BAR 13: failed to assign [io  size 0x1000]
[    0.738469] pci 0000:00:18.4: BAR 13: no space for [io  size 0x1000]
[    0.738470] pci 0000:00:18.4: BAR 13: failed to assign [io  size 0x1000]
[    0.738472] pci 0000:00:18.5: BAR 13: no space for [io  size 0x1000]
[    0.738473] pci 0000:00:18.5: BAR 13: failed to assign [io  size 0x1000]
[    0.738475] pci 0000:00:18.6: BAR 13: no space for [io  size 0x1000]
[    0.738476] pci 0000:00:18.6: BAR 13: failed to assign [io  size 0x1000]
[    0.738478] pci 0000:00:18.7: BAR 13: no space for [io  size 0x1000]
[    0.738479] pci 0000:00:18.7: BAR 13: failed to assign [io  size 0x1000]
[    0.738485] pci 0000:00:18.7: BAR 13: no space for [io  size 0x1000]
[    0.738486] pci 0000:00:18.7: BAR 13: failed to assign [io  size 0x1000]
[    0.738488] pci 0000:00:18.6: BAR 13: no space for [io  size 0x1000]
[    0.738489] pci 0000:00:18.6: BAR 13: failed to assign [io  size 0x1000]
[    0.738491] pci 0000:00:18.5: BAR 13: no space for [io  size 0x1000]
[    0.738492] pci 0000:00:18.5: BAR 13: failed to assign [io  size 0x1000]
[    0.738494] pci 0000:00:18.4: BAR 13: no space for [io  size 0x1000]
[    0.738495] pci 0000:00:18.4: BAR 13: failed to assign [io  size 0x1000]
[    0.738497] pci 0000:00:18.3: BAR 13: no space for [io  size 0x1000]
[    0.738498] pci 0000:00:18.3: BAR 13: failed to assign [io  size 0x1000]
[    0.738500] pci 0000:00:18.2: BAR 13: no space for [io  size 0x1000]
[    0.738501] pci 0000:00:18.2: BAR 13: failed to assign [io  size 0x1000]
[    0.738503] pci 0000:00:17.7: BAR 13: no space for [io  size 0x1000]
[    0.738504] pci 0000:00:17.7: BAR 13: failed to assign [io  size 0x1000]
[    0.738506] pci 0000:00:17.6: BAR 13: no space for [io  size 0x1000]
[    0.738507] pci 0000:00:17.6: BAR 13: failed to assign [io  size 0x1000]
[    0.738509] pci 0000:00:17.5: BAR 13: no space for [io  size 0x1000]
[    0.738510] pci 0000:00:17.5: BAR 13: failed to assign [io  size 0x1000]
[    0.738512] pci 0000:00:17.4: BAR 13: no space for [io  size 0x1000]
[    0.738513] pci 0000:00:17.4: BAR 13: failed to assign [io  size 0x1000]
[    0.738515] pci 0000:00:17.3: BAR 13: no space for [io  size 0x1000]
[    0.738516] pci 0000:00:17.3: BAR 13: failed to assign [io  size 0x1000]
[    0.738518] pci 0000:00:16.7: BAR 13: no space for [io  size 0x1000]
[    0.738519] pci 0000:00:16.7: BAR 13: failed to assign [io  size 0x1000]
[    0.738521] pci 0000:00:16.6: BAR 13: no space for [io  size 0x1000]
[    0.738522] pci 0000:00:16.6: BAR 13: failed to assign [io  size 0x1000]
[    0.738524] pci 0000:00:16.5: BAR 13: no space for [io  size 0x1000]
[    0.738525] pci 0000:00:16.5: BAR 13: failed to assign [io  size 0x1000]
[    0.738527] pci 0000:00:16.4: BAR 13: no space for [io  size 0x1000]
[    0.738528] pci 0000:00:16.4: BAR 13: failed to assign [io  size 0x1000]
[    0.738530] pci 0000:00:16.3: BAR 13: no space for [io  size 0x1000]
[    0.738531] pci 0000:00:16.3: BAR 13: failed to assign [io  size 0x1000]
[    0.738533] pci 0000:00:15.7: BAR 13: no space for [io  size 0x1000]
[    0.738534] pci 0000:00:15.7: BAR 13: failed to assign [io  size 0x1000]
[    0.738536] pci 0000:00:15.6: BAR 13: no space for [io  size 0x1000]
[    0.738537] pci 0000:00:15.6: BAR 13: failed to assign [io  size 0x1000]
[    0.738539] pci 0000:00:15.5: BAR 13: no space for [io  size 0x1000]
[    0.738540] pci 0000:00:15.5: BAR 13: failed to assign [io  size 0x1000]
[    0.738542] pci 0000:00:15.4: BAR 13: no space for [io  size 0x1000]
[    0.738543] pci 0000:00:15.4: BAR 13: failed to assign [io  size 0x1000]
[    0.738545] pci 0000:00:15.3: BAR 13: no space for [io  size 0x1000]
[    0.738546] pci 0000:00:15.3: BAR 13: failed to assign [io  size 0x1000]
[    0.738549] pci 0000:00:01.0: PCI bridge to [bus 01]
[    0.738671] pci 0000:02:01.0: BAR 6: assigned [mem 0xfd500000-0xfd50ffff pref]
[    0.738673] pci 0000:02:05.0: BAR 6: assigned [mem 0xfd510000-0xfd51ffff pref]
[    0.738675] pci 0000:00:11.0: PCI bridge to [bus 02]
[    0.738691] pci 0000:00:11.0:   bridge window [io  0x2000-0x3fff]
[    0.738730] pci 0000:00:11.0:   bridge window [mem 0xfd500000-0xfdffffff]
[    0.738756] pci 0000:00:11.0:   bridge window [mem 0xe7b00000-0xe7ffffff 64bit pref]
[    0.738807] pci 0000:00:15.0: PCI bridge to [bus 03]
[    0.738822] pci 0000:00:15.0:   bridge window [io  0x4000-0x4fff]
[    0.738861] pci 0000:00:15.0:   bridge window [mem 0xfd400000-0xfd4fffff]
[    0.738888] pci 0000:00:15.0:   bridge window [mem 0xe7a00000-0xe7afffff 64bit pref]
[    0.738984] pci 0000:00:15.1: PCI bridge to [bus 04]
[    0.739000] pci 0000:00:15.1:   bridge window [io  0x8000-0x8fff]
[    0.739039] pci 0000:00:15.1:   bridge window [mem 0xfd000000-0xfd0fffff]
[    0.739066] pci 0000:00:15.1:   bridge window [mem 0xe7600000-0xe76fffff 64bit pref]
[    0.739134] pci 0000:00:15.2: PCI bridge to [bus 05]
[    0.739150] pci 0000:00:15.2:   bridge window [io  0xc000-0xcfff]
[    0.739190] pci 0000:00:15.2:   bridge window [mem 0xfcc00000-0xfccfffff]
[    0.739216] pci 0000:00:15.2:   bridge window [mem 0xe7200000-0xe72fffff 64bit pref]
[    0.739283] pci 0000:00:15.3: PCI bridge to [bus 06]
[    0.739324] pci 0000:00:15.3:   bridge window [mem 0xfc800000-0xfc8fffff]
[    0.739351] pci 0000:00:15.3:   bridge window [mem 0xe6e00000-0xe6efffff 64bit pref]
[    0.739418] pci 0000:00:15.4: PCI bridge to [bus 07]
[    0.739459] pci 0000:00:15.4:   bridge window [mem 0xfc400000-0xfc4fffff]
[    0.739485] pci 0000:00:15.4:   bridge window [mem 0xe6a00000-0xe6afffff 64bit pref]
[    0.739552] pci 0000:00:15.5: PCI bridge to [bus 08]
[    0.739592] pci 0000:00:15.5:   bridge window [mem 0xfc000000-0xfc0fffff]
[    0.739621] pci 0000:00:15.5:   bridge window [mem 0xe6600000-0xe66fffff 64bit pref]
[    0.739687] pci 0000:00:15.6: PCI bridge to [bus 09]
[    0.739728] pci 0000:00:15.6:   bridge window [mem 0xfbc00000-0xfbcfffff]
[    0.739754] pci 0000:00:15.6:   bridge window [mem 0xe6200000-0xe62fffff 64bit pref]
[    0.739821] pci 0000:00:15.7: PCI bridge to [bus 0a]
[    0.739861] pci 0000:00:15.7:   bridge window [mem 0xfb800000-0xfb8fffff]
[    0.739888] pci 0000:00:15.7:   bridge window [mem 0xe5e00000-0xe5efffff 64bit pref]
[    0.739954] pci 0000:00:16.0: PCI bridge to [bus 0b]
[    0.739970] pci 0000:00:16.0:   bridge window [io  0x5000-0x5fff]
[    0.740009] pci 0000:00:16.0:   bridge window [mem 0xfd300000-0xfd3fffff]
[    0.740036] pci 0000:00:16.0:   bridge window [mem 0xe7900000-0xe79fffff 64bit pref]
[    0.740102] pci 0000:00:16.1: PCI bridge to [bus 0c]
[    0.740134] pci 0000:00:16.1:   bridge window [io  0x9000-0x9fff]
[    0.740175] pci 0000:00:16.1:   bridge window [mem 0xfcf00000-0xfcffffff]
[    0.740202] pci 0000:00:16.1:   bridge window [mem 0xe7500000-0xe75fffff 64bit pref]
[    0.740270] pci 0000:00:16.2: PCI bridge to [bus 0d]
[    0.740286] pci 0000:00:16.2:   bridge window [io  0xd000-0xdfff]
[    0.740325] pci 0000:00:16.2:   bridge window [mem 0xfcb00000-0xfcbfffff]
[    0.740352] pci 0000:00:16.2:   bridge window [mem 0xe7100000-0xe71fffff 64bit pref]
[    0.740420] pci 0000:00:16.3: PCI bridge to [bus 0e]
[    0.740461] pci 0000:00:16.3:   bridge window [mem 0xfc700000-0xfc7fffff]
[    0.740488] pci 0000:00:16.3:   bridge window [mem 0xe6d00000-0xe6dfffff 64bit pref]
[    0.740556] pci 0000:00:16.4: PCI bridge to [bus 0f]
[    0.740597] pci 0000:00:16.4:   bridge window [mem 0xfc300000-0xfc3fffff]
[    0.740630] pci 0000:00:16.4:   bridge window [mem 0xe6900000-0xe69fffff 64bit pref]
[    0.740698] pci 0000:00:16.5: PCI bridge to [bus 10]
[    0.740739] pci 0000:00:16.5:   bridge window [mem 0xfbf00000-0xfbffffff]
[    0.740766] pci 0000:00:16.5:   bridge window [mem 0xe6500000-0xe65fffff 64bit pref]
[    0.740832] pci 0000:00:16.6: PCI bridge to [bus 11]
[    0.740873] pci 0000:00:16.6:   bridge window [mem 0xfbb00000-0xfbbfffff]
[    0.740900] pci 0000:00:16.6:   bridge window [mem 0xe6100000-0xe61fffff 64bit pref]
[    0.740966] pci 0000:00:16.7: PCI bridge to [bus 12]
[    0.741007] pci 0000:00:16.7:   bridge window [mem 0xfb700000-0xfb7fffff]
[    0.741033] pci 0000:00:16.7:   bridge window [mem 0xe5d00000-0xe5dfffff 64bit pref]
[    0.741099] pci 0000:00:17.0: PCI bridge to [bus 13]
[    0.741115] pci 0000:00:17.0:   bridge window [io  0x6000-0x6fff]
[    0.741155] pci 0000:00:17.0:   bridge window [mem 0xfd200000-0xfd2fffff]
[    0.741182] pci 0000:00:17.0:   bridge window [mem 0xe7800000-0xe78fffff 64bit pref]
[    0.741249] pci 0000:00:17.1: PCI bridge to [bus 14]
[    0.741265] pci 0000:00:17.1:   bridge window [io  0xa000-0xafff]
[    0.741304] pci 0000:00:17.1:   bridge window [mem 0xfce00000-0xfcefffff]
[    0.741331] pci 0000:00:17.1:   bridge window [mem 0xe7400000-0xe74fffff 64bit pref]
[    0.741398] pci 0000:00:17.2: PCI bridge to [bus 15]
[    0.741414] pci 0000:00:17.2:   bridge window [io  0xe000-0xefff]
[    0.741454] pci 0000:00:17.2:   bridge window [mem 0xfca00000-0xfcafffff]
[    0.741480] pci 0000:00:17.2:   bridge window [mem 0xe7000000-0xe70fffff 64bit pref]
[    0.741547] pci 0000:00:17.3: PCI bridge to [bus 16]
[    0.741587] pci 0000:00:17.3:   bridge window [mem 0xfc600000-0xfc6fffff]
[    0.741631] pci 0000:00:17.3:   bridge window [mem 0xe6c00000-0xe6cfffff 64bit pref]
[    0.741708] pci 0000:00:17.4: PCI bridge to [bus 17]
[    0.741764] pci 0000:00:17.4:   bridge window [mem 0xfc200000-0xfc2fffff]
[    0.741801] pci 0000:00:17.4:   bridge window [mem 0xe6800000-0xe68fffff 64bit pref]
[    0.741873] pci 0000:00:17.5: PCI bridge to [bus 18]
[    0.741914] pci 0000:00:17.5:   bridge window [mem 0xfbe00000-0xfbefffff]
[    0.741941] pci 0000:00:17.5:   bridge window [mem 0xe6400000-0xe64fffff 64bit pref]
[    0.742008] pci 0000:00:17.6: PCI bridge to [bus 19]
[    0.742049] pci 0000:00:17.6:   bridge window [mem 0xfba00000-0xfbafffff]
[    0.742076] pci 0000:00:17.6:   bridge window [mem 0xe6000000-0xe60fffff 64bit pref]
[    0.742143] pci 0000:00:17.7: PCI bridge to [bus 1a]
[    0.742184] pci 0000:00:17.7:   bridge window [mem 0xfb600000-0xfb6fffff]
[    0.742211] pci 0000:00:17.7:   bridge window [mem 0xe5c00000-0xe5cfffff 64bit pref]
[    0.742279] pci 0000:00:18.0: PCI bridge to [bus 1b]
[    0.742295] pci 0000:00:18.0:   bridge window [io  0x7000-0x7fff]
[    0.742334] pci 0000:00:18.0:   bridge window [mem 0xfd100000-0xfd1fffff]
[    0.742361] pci 0000:00:18.0:   bridge window [mem 0xe7700000-0xe77fffff 64bit pref]
[    0.742428] pci 0000:00:18.1: PCI bridge to [bus 1c]
[    0.742444] pci 0000:00:18.1:   bridge window [io  0xb000-0xbfff]
[    0.742483] pci 0000:00:18.1:   bridge window [mem 0xfcd00000-0xfcdfffff]
[    0.742510] pci 0000:00:18.1:   bridge window [mem 0xe7300000-0xe73fffff 64bit pref]
[    0.742578] pci 0000:00:18.2: PCI bridge to [bus 1d]
[    0.742636] pci 0000:00:18.2:   bridge window [mem 0xfc900000-0xfc9fffff]
[    0.742663] pci 0000:00:18.2:   bridge window [mem 0xe6f00000-0xe6ffffff 64bit pref]
[    0.742732] pci 0000:00:18.3: PCI bridge to [bus 1e]
[    0.742773] pci 0000:00:18.3:   bridge window [mem 0xfc500000-0xfc5fffff]
[    0.742799] pci 0000:00:18.3:   bridge window [mem 0xe6b00000-0xe6bfffff 64bit pref]
[    0.742866] pci 0000:00:18.4: PCI bridge to [bus 1f]
[    0.742907] pci 0000:00:18.4:   bridge window [mem 0xfc100000-0xfc1fffff]
[    0.742934] pci 0000:00:18.4:   bridge window [mem 0xe6700000-0xe67fffff 64bit pref]
[    0.743000] pci 0000:00:18.5: PCI bridge to [bus 20]
[    0.743041] pci 0000:00:18.5:   bridge window [mem 0xfbd00000-0xfbdfffff]
[    0.743067] pci 0000:00:18.5:   bridge window [mem 0xe6300000-0xe63fffff 64bit pref]
[    0.743134] pci 0000:00:18.6: PCI bridge to [bus 21]
[    0.743175] pci 0000:00:18.6:   bridge window [mem 0xfb900000-0xfb9fffff]
[    0.743202] pci 0000:00:18.6:   bridge window [mem 0xe5f00000-0xe5ffffff 64bit pref]
[    0.743268] pci 0000:00:18.7: PCI bridge to [bus 22]
[    0.743309] pci 0000:00:18.7:   bridge window [mem 0xfb500000-0xfb5fffff]
[    0.743336] pci 0000:00:18.7:   bridge window [mem 0xe5b00000-0xe5bfffff 64bit pref]
[    0.743404] pci_bus 0000:00: resource 4 [mem 0x000a0000-0x000bffff window]
[    0.743405] pci_bus 0000:00: resource 5 [mem 0x000d0000-0x000d3fff window]
[    0.743406] pci_bus 0000:00: resource 6 [mem 0x000d4000-0x000d7fff window]
[    0.743407] pci_bus 0000:00: resource 7 [mem 0x000d8000-0x000dbfff window]
[    0.743409] pci_bus 0000:00: resource 8 [mem 0xc0000000-0xfebfffff window]
[    0.743410] pci_bus 0000:00: resource 9 [io  0x0000-0x0cf7 window]
[    0.743411] pci_bus 0000:00: resource 10 [io  0x0d00-0xfeff window]
[    0.743414] pci_bus 0000:02: resource 0 [io  0x2000-0x3fff]
[    0.743415] pci_bus 0000:02: resource 1 [mem 0xfd500000-0xfdffffff]
[    0.743416] pci_bus 0000:02: resource 2 [mem 0xe7b00000-0xe7ffffff 64bit pref]
[    0.743417] pci_bus 0000:02: resource 4 [mem 0x000a0000-0x000bffff window]
[    0.743418] pci_bus 0000:02: resource 5 [mem 0x000d0000-0x000d3fff window]
[    0.743419] pci_bus 0000:02: resource 6 [mem 0x000d4000-0x000d7fff window]
[    0.743420] pci_bus 0000:02: resource 7 [mem 0x000d8000-0x000dbfff window]
[    0.743422] pci_bus 0000:02: resource 8 [mem 0xc0000000-0xfebfffff window]
[    0.743423] pci_bus 0000:02: resource 9 [io  0x0000-0x0cf7 window]
[    0.743424] pci_bus 0000:02: resource 10 [io  0x0d00-0xfeff window]
[    0.743426] pci_bus 0000:03: resource 0 [io  0x4000-0x4fff]
[    0.743427] pci_bus 0000:03: resource 1 [mem 0xfd400000-0xfd4fffff]
[    0.743428] pci_bus 0000:03: resource 2 [mem 0xe7a00000-0xe7afffff 64bit pref]
[    0.743429] pci_bus 0000:04: resource 0 [io  0x8000-0x8fff]
[    0.743430] pci_bus 0000:04: resource 1 [mem 0xfd000000-0xfd0fffff]
[    0.743432] pci_bus 0000:04: resource 2 [mem 0xe7600000-0xe76fffff 64bit pref]
[    0.743433] pci_bus 0000:05: resource 0 [io  0xc000-0xcfff]
[    0.743434] pci_bus 0000:05: resource 1 [mem 0xfcc00000-0xfccfffff]
[    0.743435] pci_bus 0000:05: resource 2 [mem 0xe7200000-0xe72fffff 64bit pref]
[    0.743436] pci_bus 0000:06: resource 1 [mem 0xfc800000-0xfc8fffff]
[    0.743438] pci_bus 0000:06: resource 2 [mem 0xe6e00000-0xe6efffff 64bit pref]
[    0.743439] pci_bus 0000:07: resource 1 [mem 0xfc400000-0xfc4fffff]
[    0.743440] pci_bus 0000:07: resource 2 [mem 0xe6a00000-0xe6afffff 64bit pref]
[    0.743441] pci_bus 0000:08: resource 1 [mem 0xfc000000-0xfc0fffff]
[    0.743442] pci_bus 0000:08: resource 2 [mem 0xe6600000-0xe66fffff 64bit pref]
[    0.743444] pci_bus 0000:09: resource 1 [mem 0xfbc00000-0xfbcfffff]
[    0.743445] pci_bus 0000:09: resource 2 [mem 0xe6200000-0xe62fffff 64bit pref]
[    0.743446] pci_bus 0000:0a: resource 1 [mem 0xfb800000-0xfb8fffff]
[    0.743447] pci_bus 0000:0a: resource 2 [mem 0xe5e00000-0xe5efffff 64bit pref]
[    0.743448] pci_bus 0000:0b: resource 0 [io  0x5000-0x5fff]
[    0.743449] pci_bus 0000:0b: resource 1 [mem 0xfd300000-0xfd3fffff]
[    0.743450] pci_bus 0000:0b: resource 2 [mem 0xe7900000-0xe79fffff 64bit pref]
[    0.743452] pci_bus 0000:0c: resource 0 [io  0x9000-0x9fff]
[    0.743453] pci_bus 0000:0c: resource 1 [mem 0xfcf00000-0xfcffffff]
[    0.743454] pci_bus 0000:0c: resource 2 [mem 0xe7500000-0xe75fffff 64bit pref]
[    0.743455] pci_bus 0000:0d: resource 0 [io  0xd000-0xdfff]
[    0.743456] pci_bus 0000:0d: resource 1 [mem 0xfcb00000-0xfcbfffff]
[    0.743457] pci_bus 0000:0d: resource 2 [mem 0xe7100000-0xe71fffff 64bit pref]
[    0.743459] pci_bus 0000:0e: resource 1 [mem 0xfc700000-0xfc7fffff]
[    0.743460] pci_bus 0000:0e: resource 2 [mem 0xe6d00000-0xe6dfffff 64bit pref]
[    0.743461] pci_bus 0000:0f: resource 1 [mem 0xfc300000-0xfc3fffff]
[    0.743462] pci_bus 0000:0f: resource 2 [mem 0xe6900000-0xe69fffff 64bit pref]
[    0.743463] pci_bus 0000:10: resource 1 [mem 0xfbf00000-0xfbffffff]
[    0.743464] pci_bus 0000:10: resource 2 [mem 0xe6500000-0xe65fffff 64bit pref]
[    0.743466] pci_bus 0000:11: resource 1 [mem 0xfbb00000-0xfbbfffff]
[    0.743467] pci_bus 0000:11: resource 2 [mem 0xe6100000-0xe61fffff 64bit pref]
[    0.743469] pci_bus 0000:12: resource 1 [mem 0xfb700000-0xfb7fffff]
[    0.743470] pci_bus 0000:12: resource 2 [mem 0xe5d00000-0xe5dfffff 64bit pref]
[    0.743471] pci_bus 0000:13: resource 0 [io  0x6000-0x6fff]
[    0.743472] pci_bus 0000:13: resource 1 [mem 0xfd200000-0xfd2fffff]
[    0.743473] pci_bus 0000:13: resource 2 [mem 0xe7800000-0xe78fffff 64bit pref]
[    0.743475] pci_bus 0000:14: resource 0 [io  0xa000-0xafff]
[    0.743476] pci_bus 0000:14: resource 1 [mem 0xfce00000-0xfcefffff]
[    0.743477] pci_bus 0000:14: resource 2 [mem 0xe7400000-0xe74fffff 64bit pref]
[    0.743478] pci_bus 0000:15: resource 0 [io  0xe000-0xefff]
[    0.743479] pci_bus 0000:15: resource 1 [mem 0xfca00000-0xfcafffff]
[    0.743480] pci_bus 0000:15: resource 2 [mem 0xe7000000-0xe70fffff 64bit pref]
[    0.743481] pci_bus 0000:16: resource 1 [mem 0xfc600000-0xfc6fffff]
[    0.743482] pci_bus 0000:16: resource 2 [mem 0xe6c00000-0xe6cfffff 64bit pref]
[    0.743484] pci_bus 0000:17: resource 1 [mem 0xfc200000-0xfc2fffff]
[    0.743485] pci_bus 0000:17: resource 2 [mem 0xe6800000-0xe68fffff 64bit pref]
[    0.743486] pci_bus 0000:18: resource 1 [mem 0xfbe00000-0xfbefffff]
[    0.743487] pci_bus 0000:18: resource 2 [mem 0xe6400000-0xe64fffff 64bit pref]
[    0.743488] pci_bus 0000:19: resource 1 [mem 0xfba00000-0xfbafffff]
[    0.743489] pci_bus 0000:19: resource 2 [mem 0xe6000000-0xe60fffff 64bit pref]
[    0.743491] pci_bus 0000:1a: resource 1 [mem 0xfb600000-0xfb6fffff]
[    0.743492] pci_bus 0000:1a: resource 2 [mem 0xe5c00000-0xe5cfffff 64bit pref]
[    0.743493] pci_bus 0000:1b: resource 0 [io  0x7000-0x7fff]
[    0.743494] pci_bus 0000:1b: resource 1 [mem 0xfd100000-0xfd1fffff]
[    0.743495] pci_bus 0000:1b: resource 2 [mem 0xe7700000-0xe77fffff 64bit pref]
[    0.743496] pci_bus 0000:1c: resource 0 [io  0xb000-0xbfff]
[    0.743497] pci_bus 0000:1c: resource 1 [mem 0xfcd00000-0xfcdfffff]
[    0.743498] pci_bus 0000:1c: resource 2 [mem 0xe7300000-0xe73fffff 64bit pref]
[    0.743499] pci_bus 0000:1d: resource 1 [mem 0xfc900000-0xfc9fffff]
[    0.743501] pci_bus 0000:1d: resource 2 [mem 0xe6f00000-0xe6ffffff 64bit pref]
[    0.743502] pci_bus 0000:1e: resource 1 [mem 0xfc500000-0xfc5fffff]
[    0.743503] pci_bus 0000:1e: resource 2 [mem 0xe6b00000-0xe6bfffff 64bit pref]
[    0.743504] pci_bus 0000:1f: resource 1 [mem 0xfc100000-0xfc1fffff]
[    0.743505] pci_bus 0000:1f: resource 2 [mem 0xe6700000-0xe67fffff 64bit pref]
[    0.743506] pci_bus 0000:20: resource 1 [mem 0xfbd00000-0xfbdfffff]
[    0.743507] pci_bus 0000:20: resource 2 [mem 0xe6300000-0xe63fffff 64bit pref]
[    0.743508] pci_bus 0000:21: resource 1 [mem 0xfb900000-0xfb9fffff]
[    0.743509] pci_bus 0000:21: resource 2 [mem 0xe5f00000-0xe5ffffff 64bit pref]
[    0.743510] pci_bus 0000:22: resource 1 [mem 0xfb500000-0xfb5fffff]
[    0.743511] pci_bus 0000:22: resource 2 [mem 0xe5b00000-0xe5bfffff 64bit pref]
[    0.743894] NET: Registered protocol family 2
[    0.746527] TCP established hash table entries: 8192 (order: 4, 65536 bytes)
[    0.746982] TCP bind hash table entries: 8192 (order: 5, 131072 bytes)
[    0.747652] TCP: Hash tables configured (established 8192 bind 8192)
[    0.748410] UDP hash table entries: 512 (order: 2, 16384 bytes)
[    0.748515] UDP-Lite hash table entries: 512 (order: 2, 16384 bytes)
[    0.750125] NET: Registered protocol family 1
[    0.750139] pci 0000:00:00.0: Limiting direct PCI/PCI transfers
[    0.750279] pci 0000:00:0f.0: Video device with shadowed ROM at [mem 0x000c0000-0x000dffff]
[    0.751981] PCI: CLS mismatch (32 != 64), using 64 bytes
[    0.752977] Unpacking initramfs...
[    2.205088] Freeing initrd memory: 40864K
[    2.205346] Scanning for low memory corruption every 60 seconds
[    2.209163] audit: initializing netlink subsys (disabled)
[    2.209716] Initialise system trusted keyrings
[    2.209789] audit: type=2000 audit(1511761538.000:1): initialized
[    2.210092] workingset: timestamp_bits=36 max_order=18 bucket_order=0
[    2.213901] zbud: loaded
[    2.215305] squashfs: version 4.0 (2009/01/31) Phillip Lougher
[    2.215841] fuse init (API version 7.26)
[    2.219153] Key type asymmetric registered
[    2.219154] Asymmetric key parser 'x509' registered
[    2.219208] Block layer SCSI generic (bsg) driver version 0.4 loaded (major 248)
[    2.219294] io scheduler noop registered
[    2.219295] io scheduler deadline registered
[    2.219304] io scheduler cfq registered (default)
[    2.244454] pcieport 0000:00:15.0: Signaling PME with IRQ 24
[    2.244622] pcieport 0000:00:15.1: Signaling PME with IRQ 25
[    2.244799] pcieport 0000:00:15.2: Signaling PME with IRQ 26
[    2.244965] pcieport 0000:00:15.3: Signaling PME with IRQ 27
[    2.245131] pcieport 0000:00:15.4: Signaling PME with IRQ 28
[    2.245302] pcieport 0000:00:15.5: Signaling PME with IRQ 29
[    2.245468] pcieport 0000:00:15.6: Signaling PME with IRQ 30
[    2.245634] pcieport 0000:00:15.7: Signaling PME with IRQ 31
[    2.245833] pcieport 0000:00:16.0: Signaling PME with IRQ 32
[    2.246000] pcieport 0000:00:16.1: Signaling PME with IRQ 33
[    2.246167] pcieport 0000:00:16.2: Signaling PME with IRQ 34
[    2.246346] pcieport 0000:00:16.3: Signaling PME with IRQ 35
[    2.246512] pcieport 0000:00:16.4: Signaling PME with IRQ 36
[    2.246678] pcieport 0000:00:16.5: Signaling PME with IRQ 37
[    2.246860] pcieport 0000:00:16.6: Signaling PME with IRQ 38
[    2.247025] pcieport 0000:00:16.7: Signaling PME with IRQ 39
[    2.247191] pcieport 0000:00:17.0: Signaling PME with IRQ 40
[    2.247369] pcieport 0000:00:17.1: Signaling PME with IRQ 41
[    2.247535] pcieport 0000:00:17.2: Signaling PME with IRQ 42
[    2.247701] pcieport 0000:00:17.3: Signaling PME with IRQ 43
[    2.247872] pcieport 0000:00:17.4: Signaling PME with IRQ 44
[    2.248038] pcieport 0000:00:17.5: Signaling PME with IRQ 45
[    2.248223] pcieport 0000:00:17.6: Signaling PME with IRQ 46
[    2.248396] pcieport 0000:00:17.7: Signaling PME with IRQ 47
[    2.248563] pcieport 0000:00:18.0: Signaling PME with IRQ 48
[    2.248732] pcieport 0000:00:18.1: Signaling PME with IRQ 49
[    2.248912] pcieport 0000:00:18.2: Signaling PME with IRQ 50
[    2.249078] pcieport 0000:00:18.3: Signaling PME with IRQ 51
[    2.249243] pcieport 0000:00:18.4: Signaling PME with IRQ 52
[    2.249414] pcieport 0000:00:18.5: Signaling PME with IRQ 53
[    2.249581] pcieport 0000:00:18.6: Signaling PME with IRQ 54
[    2.249747] pcieport 0000:00:18.7: Signaling PME with IRQ 55
[    2.249846] pciehp 0000:00:15.0:pcie004: Slot #160 AttnBtn+ PwrCtrl+ MRL- AttnInd- PwrInd- HotPlug+ Surprise- Interlock- NoCompl+ LLActRep+
[    2.250005] pciehp 0000:00:15.1:pcie004: Slot #161 AttnBtn+ PwrCtrl+ MRL- AttnInd- PwrInd- HotPlug+ Surprise- Interlock- NoCompl+ LLActRep+
[    2.250148] pciehp 0000:00:15.2:pcie004: Slot #162 AttnBtn+ PwrCtrl+ MRL- AttnInd- PwrInd- HotPlug+ Surprise- Interlock- NoCompl+ LLActRep+
[    2.250300] pciehp 0000:00:15.3:pcie004: Slot #163 AttnBtn+ PwrCtrl+ MRL- AttnInd- PwrInd- HotPlug+ Surprise- Interlock- NoCompl+ LLActRep+
[    2.250441] pciehp 0000:00:15.4:pcie004: Slot #164 AttnBtn+ PwrCtrl+ MRL- AttnInd- PwrInd- HotPlug+ Surprise- Interlock- NoCompl+ LLActRep+
[    2.250585] pciehp 0000:00:15.5:pcie004: Slot #165 AttnBtn+ PwrCtrl+ MRL- AttnInd- PwrInd- HotPlug+ Surprise- Interlock- NoCompl+ LLActRep+
[    2.250727] pciehp 0000:00:15.6:pcie004: Slot #166 AttnBtn+ PwrCtrl+ MRL- AttnInd- PwrInd- HotPlug+ Surprise- Interlock- NoCompl+ LLActRep+
[    2.250880] pciehp 0000:00:15.7:pcie004: Slot #167 AttnBtn+ PwrCtrl+ MRL- AttnInd- PwrInd- HotPlug+ Surprise- Interlock- NoCompl+ LLActRep+
[    2.251061] pciehp 0000:00:16.0:pcie004: Slot #192 AttnBtn+ PwrCtrl+ MRL- AttnInd- PwrInd- HotPlug+ Surprise- Interlock- NoCompl+ LLActRep+
[    2.251203] pciehp 0000:00:16.1:pcie004: Slot #193 AttnBtn+ PwrCtrl+ MRL- AttnInd- PwrInd- HotPlug+ Surprise- Interlock- NoCompl+ LLActRep+
[    2.251434] pciehp 0000:00:16.2:pcie004: Slot #194 AttnBtn+ PwrCtrl+ MRL- AttnInd- PwrInd- HotPlug+ Surprise- Interlock- NoCompl+ LLActRep+
[    2.251579] pciehp 0000:00:16.3:pcie004: Slot #195 AttnBtn+ PwrCtrl+ MRL- AttnInd- PwrInd- HotPlug+ Surprise- Interlock- NoCompl+ LLActRep+
[    2.251727] pciehp 0000:00:16.4:pcie004: Slot #196 AttnBtn+ PwrCtrl+ MRL- AttnInd- PwrInd- HotPlug+ Surprise- Interlock- NoCompl+ LLActRep+
[    2.251883] pciehp 0000:00:16.5:pcie004: Slot #197 AttnBtn+ PwrCtrl+ MRL- AttnInd- PwrInd- HotPlug+ Surprise- Interlock- NoCompl+ LLActRep+
[    2.252026] pciehp 0000:00:16.6:pcie004: Slot #198 AttnBtn+ PwrCtrl+ MRL- AttnInd- PwrInd- HotPlug+ Surprise- Interlock- NoCompl+ LLActRep+
[    2.252188] pciehp 0000:00:16.7:pcie004: Slot #199 AttnBtn+ PwrCtrl+ MRL- AttnInd- PwrInd- HotPlug+ Surprise- Interlock- NoCompl+ LLActRep+
[    2.252334] pciehp 0000:00:17.0:pcie004: Slot #224 AttnBtn+ PwrCtrl+ MRL- AttnInd- PwrInd- HotPlug+ Surprise- Interlock- NoCompl+ LLActRep+
[    2.252603] pciehp 0000:00:17.1:pcie004: Slot #225 AttnBtn+ PwrCtrl+ MRL- AttnInd- PwrInd- HotPlug+ Surprise- Interlock- NoCompl+ LLActRep+
[    2.252746] pciehp 0000:00:17.2:pcie004: Slot #226 AttnBtn+ PwrCtrl+ MRL- AttnInd- PwrInd- HotPlug+ Surprise- Interlock- NoCompl+ LLActRep+
[    2.252910] pciehp 0000:00:17.3:pcie004: Slot #227 AttnBtn+ PwrCtrl+ MRL- AttnInd- PwrInd- HotPlug+ Surprise- Interlock- NoCompl+ LLActRep+
[    2.253051] pciehp 0000:00:17.4:pcie004: Slot #228 AttnBtn+ PwrCtrl+ MRL- AttnInd- PwrInd- HotPlug+ Surprise- Interlock- NoCompl+ LLActRep+
[    2.253192] pciehp 0000:00:17.5:pcie004: Slot #229 AttnBtn+ PwrCtrl+ MRL- AttnInd- PwrInd- HotPlug+ Surprise- Interlock- NoCompl+ LLActRep+
[    2.253336] pciehp 0000:00:17.6:pcie004: Slot #230 AttnBtn+ PwrCtrl+ MRL- AttnInd- PwrInd- HotPlug+ Surprise- Interlock- NoCompl+ LLActRep+
[    2.253477] pciehp 0000:00:17.7:pcie004: Slot #231 AttnBtn+ PwrCtrl+ MRL- AttnInd- PwrInd- HotPlug+ Surprise- Interlock- NoCompl+ LLActRep+
[    2.253619] pciehp 0000:00:18.0:pcie004: Slot #256 AttnBtn+ PwrCtrl+ MRL- AttnInd- PwrInd- HotPlug+ Surprise- Interlock- NoCompl+ LLActRep+
[    2.253760] pciehp 0000:00:18.1:pcie004: Slot #257 AttnBtn+ PwrCtrl+ MRL- AttnInd- PwrInd- HotPlug+ Surprise- Interlock- NoCompl+ LLActRep+
[    2.253921] pciehp 0000:00:18.2:pcie004: Slot #258 AttnBtn+ PwrCtrl+ MRL- AttnInd- PwrInd- HotPlug+ Surprise- Interlock- NoCompl+ LLActRep+
[    2.254062] pciehp 0000:00:18.3:pcie004: Slot #259 AttnBtn+ PwrCtrl+ MRL- AttnInd- PwrInd- HotPlug+ Surprise- Interlock- NoCompl+ LLActRep+
[    2.254205] pciehp 0000:00:18.4:pcie004: Slot #260 AttnBtn+ PwrCtrl+ MRL- AttnInd- PwrInd- HotPlug+ Surprise- Interlock- NoCompl+ LLActRep+
[    2.254348] pciehp 0000:00:18.5:pcie004: Slot #261 AttnBtn+ PwrCtrl+ MRL- AttnInd- PwrInd- HotPlug+ Surprise- Interlock- NoCompl+ LLActRep+
[    2.254491] pciehp 0000:00:18.6:pcie004: Slot #262 AttnBtn+ PwrCtrl+ MRL- AttnInd- PwrInd- HotPlug+ Surprise- Interlock- NoCompl+ LLActRep+
[    2.254637] pciehp 0000:00:18.7:pcie004: Slot #263 AttnBtn+ PwrCtrl+ MRL- AttnInd- PwrInd- HotPlug+ Surprise- Interlock- NoCompl+ LLActRep+
[    2.254805] intel_idle: does not run on family 6 model 42
[    2.255009] ACPI: AC Adapter [ACAD] (on-line)
[    2.255103] input: Power Button as /devices/LNXSYSTM:00/LNXPWRBN:00/input/input0
[    2.255107] ACPI: Power Button [PWRF]
[    2.255456] GHES: HEST is not enabled!
[    2.255548] Serial: 8250/16550 driver, 32 ports, IRQ sharing enabled
[    2.365964] 00:05: ttyS0 at I/O 0x3f8 (irq = 4, base_baud = 115200) is a 16550A
[    2.367733] Linux agpgart interface v0.103
[    2.367824] agpgart-intel 0000:00:00.0: Intel 440BX Chipset
[    2.368340] agpgart-intel 0000:00:00.0: AGP aperture is 256M @ 0x0
[    2.373594] loop: module loaded
[    2.373729] ata_piix 0000:00:07.1: version 2.13
[    2.374367] scsi host0: ata_piix
[    2.374465] scsi host1: ata_piix
[    2.374507] ata1: PATA max UDMA/33 cmd 0x1f0 ctl 0x3f6 bmdma 0x1060 irq 14
[    2.374508] ata2: PATA max UDMA/33 cmd 0x170 ctl 0x376 bmdma 0x1068 irq 15
[    2.374608] libphy: Fixed MDIO Bus: probed
[    2.374609] tun: Universal TUN/TAP device driver, 1.6
[    2.374610] tun: (C) 1999-2004 Max Krasnyansky <maxk@qualcomm.com>
[    2.374933] PPP generic driver version 2.4.2
[    2.375002] ehci_hcd: USB 2.0 'Enhanced' Host Controller (EHCI) Driver
[    2.375007] ehci-pci: EHCI PCI platform driver
[    2.375498] ehci-pci 0000:02:03.0: EHCI Host Controller
[    2.375505] ehci-pci 0000:02:03.0: new USB bus registered, assigned bus number 1
[    2.375790] ehci-pci 0000:02:03.0: cache line size of 64 is not supported
[    2.375811] ehci-pci 0000:02:03.0: irq 17, io mem 0xfd5ef000
[    2.388295] ehci-pci 0000:02:03.0: USB 2.0 started, EHCI 1.00
[    2.388375] usb usb1: New USB device found, idVendor=1d6b, idProduct=0002
[    2.388377] usb usb1: New USB device strings: Mfr=3, Product=2, SerialNumber=1
[    2.388378] usb usb1: Product: EHCI Host Controller
[    2.388379] usb usb1: Manufacturer: Linux 4.10.0-40-generic ehci_hcd
[    2.388380] usb usb1: SerialNumber: 0000:02:03.0
[    2.388506] hub 1-0:1.0: USB hub found
[    2.388513] hub 1-0:1.0: 6 ports detected
[    2.388802] ehci-platform: EHCI generic platform driver
[    2.388815] ohci_hcd: USB 1.1 'Open' Host Controller (OHCI) Driver
[    2.388819] ohci-pci: OHCI PCI platform driver
[    2.388832] ohci-platform: OHCI generic platform driver
[    2.388839] uhci_hcd: USB Universal Host Controller Interface driver
[    2.389281] uhci_hcd 0000:02:00.0: UHCI Host Controller
[    2.389286] uhci_hcd 0000:02:00.0: new USB bus registered, assigned bus number 2
[    2.389358] uhci_hcd 0000:02:00.0: detected 2 ports
[    2.389581] uhci_hcd 0000:02:00.0: irq 18, io base 0x00002080
[    2.389742] usb usb2: New USB device found, idVendor=1d6b, idProduct=0001
[    2.389743] usb usb2: New USB device strings: Mfr=3, Product=2, SerialNumber=1
[    2.389744] usb usb2: Product: UHCI Host Controller
[    2.389745] usb usb2: Manufacturer: Linux 4.10.0-40-generic uhci_hcd
[    2.389746] usb usb2: SerialNumber: 0000:02:00.0
[    2.389865] hub 2-0:1.0: USB hub found
[    2.389871] hub 2-0:1.0: 2 ports detected
[    2.390139] i8042: PNP: PS/2 Controller [PNP0303:KBC,PNP0f13:MOUS] at 0x60,0x64 irq 1,12
[    2.391300] serio: i8042 KBD port at 0x60,0x64 irq 1
[    2.391309] serio: i8042 AUX port at 0x60,0x64 irq 12
[    2.391520] mousedev: PS/2 mouse device common for all mice
[    2.412581] rtc_cmos 00:01: rtc core: registered rtc_cmos as rtc0
[    2.412812] rtc_cmos 00:01: alarms up to one month, y3k, 114 bytes nvram, hpet irqs
[    2.412826] i2c /dev entries driver
[    2.412913] device-mapper: uevent: version 1.0.3
[    2.412996] device-mapper: ioctl: 4.35.0-ioctl (2016-06-23) initialised: dm-devel@redhat.com
[    2.413248] ledtrig-cpu: registered to indicate activity on CPUs
[    2.413627] NET: Registered protocol family 10
[    2.415032] input: AT Translated Set 2 keyboard as /devices/platform/i8042/serio0/input/input1
[    2.421321] Segment Routing with IPv6
[    2.421345] NET: Registered protocol family 17
[    2.421359] Key type dns_resolver registered
[    2.421763] registered taskstats version 1
[    2.421774] Loading compiled-in X.509 certificates
[    2.425305] Loaded X.509 cert 'Build time autogenerated kernel key: fa66e85c9216262ba27578dd739520403373b1ee'
[    2.425335] zswap: loaded using pool lzo/zbud
[    2.438586] Key type big_key registered
[    2.438589] Key type trusted registered
[    2.440795] Key type encrypted registered
[    2.440798] AppArmor: AppArmor sha1 policy hashing enabled
[    2.440800] ima: No TPM chip found, activating TPM-bypass! (rc=-19)
[    2.440919] evm: HMAC attrs: 0x1
[    2.447007]   Magic number: 9:823:770
[    2.447094] acpi PNP0C80:13: hash matches
[    2.447104] acpi LNXCPU:5e: hash matches
[    2.447288] rtc_cmos 00:01: setting system clock to 2017-11-27 05:45:38 UTC (1511761538)
[    2.447421] BIOS EDD facility v0.16 2004-Jun-25, 0 devices found
[    2.447421] EDD information not available.
[    2.447512] PM: Hibernation image not present or could not be loaded.
[    2.565162] Freeing unused kernel memory: 2228K
[    2.565167] Write protecting the kernel read-only data: 14336k
[    2.566263] Freeing unused kernel memory: 1156K
[    2.568194] Freeing unused kernel memory: 268K
[    2.584475] x86/mm: Checked W+X mappings: passed, no W+X pages found.
[    2.603347] random: udevadm: uninitialized urandom read (16 bytes read)
[    2.603374] random: udevadm: uninitialized urandom read (16 bytes read)
[    2.606211] random: systemd-udevd: uninitialized urandom read (16 bytes read)
[    2.606324] random: systemd-udevd: uninitialized urandom read (16 bytes read)
[    2.606341] random: systemd-udevd: uninitialized urandom read (16 bytes read)
[    2.618191] random: systemd-udevd: uninitialized urandom read (16 bytes read)
[    2.618214] random: systemd-udevd: uninitialized urandom read (16 bytes read)
[    2.618223] random: systemd-udevd: uninitialized urandom read (16 bytes read)
[    2.619971] random: systemd-udevd: uninitialized urandom read (16 bytes read)
[    2.619991] random: systemd-udevd: uninitialized urandom read (16 bytes read)
[    2.718050] usb 2-1: new full-speed USB device number 2 using uhci_hcd
[    2.833481] FUJITSU Extended Socket Network Device Driver - version 1.2 - Copyright (c) 2015 FUJITSU LIMITED
[    2.875903] Floppy drive(s): fd0 is 1.44M
[    2.885637] usb 2-1: New USB device found, idVendor=0e0f, idProduct=0003
[    2.885640] usb 2-1: New USB device strings: Mfr=1, Product=2, SerialNumber=0
[    2.885641] usb 2-1: Product: VMware Virtual USB Mouse
[    2.885642] usb 2-1: Manufacturer: VMware
[    2.893870] FDC 0 is a post-1991 82077
[    2.955957] e1000: Intel(R) PRO/1000 Network Driver - version 7.3.21-k8-NAPI
[    2.955959] e1000: Copyright (c) 1999-2006 Intel Corporation.
[    2.987066] Fusion MPT base driver 3.04.20
[    2.987067] Copyright (c) 1999-2008 LSI Corporation
[    2.990759] [drm] Initialized
[    3.010135] Fusion MPT SPI Host driver 3.04.20
[    3.017227] usb 2-2: new full-speed USB device number 3 using uhci_hcd
[    3.017276] mptbase: ioc0: Initiating bringup
[    3.040287] input: VirtualPS/2 VMware VMMouse as /devices/platform/i8042/serio1/input/input4
[    3.040661] input: VirtualPS/2 VMware VMMouse as /devices/platform/i8042/serio1/input/input3
[    3.125727] ioc0: LSI53C1030 B0: Capabilities={Initiator}
[    3.181387] usb 2-2: New USB device found, idVendor=0e0f, idProduct=0002
[    3.181390] usb 2-2: New USB device strings: Mfr=0, Product=1, SerialNumber=0
[    3.181391] usb 2-2: Product: VMware Virtual USB Hub
[    3.195244] hub 2-2:1.0: USB hub found
[    3.200365] hub 2-2:1.0: 7 ports detected
[    3.224778] tsc: Refined TSC clocksource calibration: 2095.234 MHz
[    3.224785] clocksource: tsc: mask: 0xffffffffffffffff max_cycles: 0x1e339a5b74d, max_idle_ns: 440795261193 ns
[    3.224818] clocksource: Switched to clocksource tsc
[    3.255811] hidraw: raw HID events driver (C) Jiri Kosina
[    3.273917] usbcore: registered new interface driver usbhid
[    3.273918] usbhid: USB HID core driver
[    3.276522] input: VMware VMware Virtual USB Mouse as /devices/pci0000:00/0000:00:11.0/0000:02:00.0/usb2/2-1/2-1:1.0/0003:0E0F:0003.0001/input/input5
[    3.276930] hid-generic 0003:0E0F:0003.0001: input,hidraw0: USB HID v1.10 Mouse [VMware VMware Virtual USB Mouse] on usb-0000:02:00.0-1/input0
[    3.422554] scsi host2: ioc0: LSI53C1030 B0, FwRev=01032920h, Ports=1, MaxQ=128, IRQ=17
[    3.543616] e1000 0000:02:01.0 eth0: (PCI:66MHz:32-bit) 00:0c:29:a6:0c:59
[    3.543623] e1000 0000:02:01.0 eth0: Intel(R) PRO/1000 Network Connection
[    3.543658] ahci 0000:02:05.0: version 3.0
[    3.547312] ahci 0000:02:05.0: AHCI 0001.0300 32 slots 30 ports 6 Gbps 0x3fffffff impl SATA mode
[    3.547315] ahci 0000:02:05.0: flags: 64bit ncq clo only 
[    3.551083] e1000 0000:02:01.0 ens33: renamed from eth0
[    3.581405] scsi host3: ahci
[    3.582273] scsi host4: ahci
[    3.582599] scsi host5: ahci
[    3.582967] scsi host6: ahci
[    3.583481] scsi host7: ahci
[    3.584007] scsi host8: ahci
[    3.584643] scsi host9: ahci
